Component: ARM Compiler 5.06 update 7 (build 960) Tool: armlink [4d3601]

==============================================================================

Section Cross References

    main.o(i.Comm_With_FPGA) refers to stm32f4xx_gpio.o(i.GPIO_ResetBits) for GPIO_ResetBits
    main.o(i.Comm_With_FPGA) refers to main.o(i.SPI_SendByte) for SPI_SendByte
    main.o(i.Comm_With_FPGA) refers to stm32f4xx_gpio.o(i.GPIO_SetBits) for GPIO_SetBits
    main.o(i.Comm_With_FPGA) refers to printfa.o(i.__0printf) for __2printf
    main.o(i.Comm_With_FPGA) refers to demod.o(i.Demod_PushSample) for Demod_PushSample
    main.o(i.Comm_With_FPGA) refers to demod.o(i.Demod_Init) for Demod_Init
    main.o(i.Comm_With_FPGA) refers to demod.o(i.Demod_ResetBER) for Demod_ResetBER
    main.o(i.Comm_With_FPGA) refers to main.o(.bss) for g_state
    main.o(i.Comm_With_FPGA) refers to main.o(.data) for mod_idx_w
    main.o(i.Comm_With_FPGA) refers to main.o(.constdata) for MOD_NAMES
    main.o(i.Demod_OnBit) refers to demod.o(i.Demod_GetBER_Q20) for Demod_GetBER_Q20
    main.o(i.Demod_OnBit) refers to f2d.o(.text) for __aeabi_f2d
    main.o(i.Demod_OnBit) refers to printfa.o(i.__0printf) for __2printf
    main.o(i.Demod_OnBit) refers to main.o(.bss) for g_demod
    main.o(i.Demod_OnBit) refers to main.o(.data) for dem_idx
    main.o(i.FFT_ComputeSpectrum) refers to main.o(i.FFT_Run) for FFT_Run
    main.o(i.FFT_ComputeSpectrum) refers to main.o(.bss) for g_state
    main.o(i.FFT_Run) refers to cosf.o(i.__hardfp_cosf) for __hardfp_cosf
    main.o(i.FFT_Run) refers to sinf.o(i.__hardfp_sinf) for __hardfp_sinf
    main.o(i.FFT_Run) refers to sqrtf.o(i.__hardfp_sqrtf) for __hardfp_sqrtf
    main.o(i.FFT_Run) refers to main.o(.bss) for re
    main.o(i.Info_DrawMeasurements) refers to tftlcd.o(i.LCD_Fill) for LCD_Fill
    main.o(i.Info_DrawMeasurements) refers to tftlcd.o(i.LCD_DrawRectangle) for LCD_DrawRectangle
    main.o(i.Info_DrawMeasurements) refers to tftlcd.o(i.LCD_ShowString) for LCD_ShowString
    main.o(i.Info_DrawMeasurements) refers to tftlcd.o(i.LCD_ShowNum) for LCD_ShowNum
    main.o(i.Info_DrawMeasurements) refers to tftlcd.o(.data) for FRONT_COLOR
    main.o(i.Info_DrawMeasurements) refers to main.o(.bss) for g_state
    main.o(i.Info_DrawModButtons) refers to tftlcd.o(i.LCD_Fill) for LCD_Fill
    main.o(i.Info_DrawModButtons) refers to tftlcd.o(i.LCD_DrawRectangle) for LCD_DrawRectangle
    main.o(i.Info_DrawModButtons) refers to tftlcd.o(i.LCD_ShowString) for LCD_ShowString
    main.o(i.Info_DrawModButtons) refers to tftlcd.o(.data) for FRONT_COLOR
    main.o(i.Info_DrawModButtons) refers to main.o(.bss) for g_state
    main.o(i.Info_DrawModButtons) refers to main.o(.constdata) for MOD_NAMES
    main.o(i.Info_DrawParams) refers to tftlcd.o(i.LCD_Fill) for LCD_Fill
    main.o(i.Info_DrawParams) refers to tftlcd.o(i.LCD_DrawRectangle) for LCD_DrawRectangle
    main.o(i.Info_DrawParams) refers to tftlcd.o(i.LCD_ShowString) for LCD_ShowString
    main.o(i.Info_DrawParams) refers to tftlcd.o(.data) for FRONT_COLOR
    main.o(i.Info_DrawSNRSlider) refers to tftlcd.o(i.LCD_Fill) for LCD_Fill
    main.o(i.Info_DrawSNRSlider) refers to tftlcd.o(i.LCD_DrawRectangle) for LCD_DrawRectangle
    main.o(i.Info_DrawSNRSlider) refers to tftlcd.o(i.LCD_ShowString) for LCD_ShowString
    main.o(i.Info_DrawSNRSlider) refers to tftlcd.o(.data) for FRONT_COLOR
    main.o(i.Info_DrawSNRSlider) refers to main.o(.bss) for g_state
    main.o(i.Key_Init) refers to stm32f4xx_rcc.o(i.RCC_AHB1PeriphClockCmd) for RCC_AHB1PeriphClockCmd
    main.o(i.Key_Init) refers to stm32f4xx_gpio.o(i.GPIO_Init) for GPIO_Init
    main.o(i.Key_Scan) refers to stm32f4xx_gpio.o(i.GPIO_ReadInputDataBit) for GPIO_ReadInputDataBit
    main.o(i.Key_Scan) refers to systick.o(i.delay_ms) for delay_ms
    main.o(i.Key_Scan) refers to main.o(.data) for key_state
    main.o(i.Page_DrawBER) refers to main.o(i.UI_DrawTitleBar) for UI_DrawTitleBar
    main.o(i.Page_DrawBER) refers to main.o(i.UI_DrawBERCurve) for UI_DrawBERCurve
    main.o(i.Page_DrawBER) refers to main.o(i.UI_DrawNavBar) for UI_DrawNavBar
    main.o(i.Page_DrawEye) refers to main.o(i.UI_DrawTitleBar) for UI_DrawTitleBar
    main.o(i.Page_DrawEye) refers to main.o(i.UI_DrawEyeDiagram) for UI_DrawEyeDiagram
    main.o(i.Page_DrawEye) refers to main.o(i.UI_DrawNavBar) for UI_DrawNavBar
    main.o(i.Page_DrawIQ) refers to main.o(i.UI_DrawTitleBar) for UI_DrawTitleBar
    main.o(i.Page_DrawIQ) refers to tftlcd.o(i.LCD_ShowString) for LCD_ShowString
    main.o(i.Page_DrawIQ) refers to main.o(i.UI_DrawIQPlot) for UI_DrawIQPlot
    main.o(i.Page_DrawIQ) refers to main.o(i.UI_DrawNavBar) for UI_DrawNavBar
    main.o(i.Page_DrawIQ) refers to tftlcd.o(.data) for FRONT_COLOR
    main.o(i.Page_DrawIQ) refers to main.o(.bss) for g_state
    main.o(i.Page_DrawIQ) refers to main.o(.constdata) for MOD_NAMES
    main.o(i.Page_DrawInfo) refers to main.o(i.UI_DrawTitleBar) for UI_DrawTitleBar
[...]
    .ARM.Collect$$$$0000000E                 0x08000198   Section        4  entry12b.o(.ARM.Collect$$$$0000000E)
    .ARM.Collect$$$$0000000F                 0x0800019c   Section        0  entry10a.o(.ARM.Collect$$$$0000000F)
    .ARM.Collect$$$$00000011                 0x0800019c   Section        0  entry11a.o(.ARM.Collect$$$$00000011)
    .ARM.Collect$$$$00002712                 0x0800019c   Section        4  entry2.o(.ARM.Collect$$$$00002712)
    __lit__00000000                          0x0800019c   Data           4  entry2.o(.ARM.Collect$$$$00002712)
    .text                                    0x080001a0   Section       36  startup_stm32f40_41xxx.o(.text)
    $v0                                      0x080001a0   Number         0  startup_stm32f40_41xxx.o(.text)
    .text                                    0x080001c4   Section        0  dmul.o(.text)
    .text                                    0x080002a8   Section        0  dfltui.o(.text)
    .text                                    0x080002c2   Section        0  dfixui.o(.text)
    .text                                    0x080002f4   Section        0  f2d.o(.text)
    .text                                    0x0800031c   Section       48  cdcmple.o(.text)
    .text                                    0x0800034c   Section       48  cdrcmple.o(.text)
    .text                                    0x0800037c   Section        0  uidiv.o(.text)
    .text                                    0x080003a8   Section        0  uldiv.o(.text)
    .text                                    0x0800040a   Section        0  llushr.o(.text)
    .text                                    0x0800042a   Section        0  depilogue.o(.text)
    .text                                    0x0800042a   Section        0  iusefp.o(.text)
    .text                                    0x080004e4   Section        0  dadd.o(.text)
    .text                                    0x08000632   Section        0  ddiv.o(.text)
    .text                                    0x08000710   Section        0  dsqrt.o(.text)
    .text                                    0x080007b2   Section        0  dfixul.o(.text)
    .text                                    0x080007e2   Section        0  fpstat.o(.text)
    .text                                    0x080007e8   Section       36  init.o(.text)
    .text                                    0x0800080c   Section        0  llshl.o(.text)
    .text                                    0x0800082a   Section        0  llsshr.o(.text)
    i.AT24CXX_Init                           0x0800084e   Section        0  24cxx.o(i.AT24CXX_Init)
    i.AT24CXX_ReadLenByte                    0x08000856   Section        0  24cxx.o(i.AT24CXX_ReadLenByte)
    i.AT24CXX_ReadOneByte                    0x08000882   Section        0  24cxx.o(i.AT24CXX_ReadOneByte)
    i.AT24CXX_WriteLenByte                   0x080008da   Section        0  24cxx.o(i.AT24CXX_WriteLenByte)
    i.AT24CXX_WriteOneByte                   0x08000904   Section        0  24cxx.o(i.AT24CXX_WriteOneByte)
    i.BusFault_Handler                       0x08000954   Section        0  stm32f4xx_it.o(i.BusFault_Handler)
    i.Comm_With_FPGA                         0x08000958   Section        0  main.o(i.Comm_With_FPGA)
    Comm_With_FPGA                           0x08000959   Thumb Code   224  main.o(i.Comm_With_FPGA)
    i.DebugMon_Handler                       0x08000a88   Section        0  stm32f4xx_it.o(i.DebugMon_Handler)
    i.Decision_16QAM                         0x08000a8a   Section        0  demod.o(i.Decision_16QAM)
    Decision_16QAM                           0x08000a8b   Thumb Code    28  demod.o(i.Decision_16QAM)
    i.Decision_Axis_QAM16                    0x08000aa6   Section        0  demod.o(i.Decision_Axis_QAM16)
    Decision_Axis_QAM16                      0x08000aa7   Thumb Code    32  demod.o(i.Decision_Axis_QAM16)
    i.Decision_BPSK                          0x08000ac6   Section        0  demod.o(i.Decision_BPSK)
    Decision_BPSK                            0x08000ac7   Thumb Code    14  demod.o(i.Decision_BPSK)
    i.Decision_QPSK                          0x08000ad4   Section        0  demod.o(i.Decision_QPSK)
    Decision_QPSK                            0x08000ad5   Thumb Code    26  demod.o(i.Decision_QPSK)
    i.Demod_GetBER_Q20                       0x08000aee   Section        0  demod.o(i.Demod_GetBER_Q20)
    i.Demod_Init                             0x08000b06   Section        0  demod.o(i.Demod_Init)
    i.Demod_OnBit                            0x08000b48   Section        0  main.o(i.Demod_OnBit)
    i.Demod_PushSample                       0x08000c84   Section        0  demod.o(i.Demod_PushSample)
    i.Demod_ResetBER                         0x08000da0   Section        0  demod.o(i.Demod_ResetBER)
    i.FFT_ComputeSpectrum                    0x08000db0   Section        0  main.o(i.FFT_ComputeSpectrum)
    FFT_ComputeSpectrum                      0x08000db1   Thumb Code    36  main.o(i.FFT_ComputeSpectrum)
    i.FFT_Run                                0x08000de0   Section        0  main.o(i.FFT_Run)
    FFT_Run                                  0x08000de1   Thumb Code   656  main.o(i.FFT_Run)
    i.FIR_Filter_IQ                          0x08001084   Section        0  demod.o(i.FIR_Filter_IQ)
    FIR_Filter_IQ                            0x08001085   Thumb Code   186  demod.o(i.FIR_Filter_IQ)
    i.FSMC_NORSRAMCmd                        0x08001144   Section        0  stm32f4xx_fsmc.o(i.FSMC_NORSRAMCmd)
    i.FSMC_NORSRAMInit                       0x08001178   Section        0  stm32f4xx_fsmc.o(i.FSMC_NORSRAMInit)
    i.GPIO_Init                              0x080012a0   Section        0  stm32f4xx_gpio.o(i.GPIO_Init)
    i.GPIO_PinAFConfig                       0x08001330   Section        0  stm32f4xx_gpio.o(i.GPIO_PinAFConfig)
    i.GPIO_ReadInputDataBit                  0x08001376   Section        0  stm32f4xx_gpio.o(i.GPIO_ReadInputDataBit)
    i.GPIO_ResetBits                         0x08001388   Section        0  stm32f4xx_gpio.o(i.GPIO_ResetBits)
    i.GPIO_SetBits                           0x0800138c   Section        0  stm32f4xx_gpio.o(i.GPIO_SetBits)
    i.HardFault_Handler                      0x08001390   Section        0  stm32f4xx_it.o(i.HardFault_Handler)
    i.IIC_Ack                                0x08001394   Section        0  iic.o(i.IIC_Ack)
    i.IIC_Init                               0x080013cc   Section        0  iic.o(i.IIC_Init)
    i.IIC_NAck                               0x08001418   Section        0  iic.o(i.IIC_NAck)
    i.IIC_Read_Byte                          0x08001450   Section        0  iic.o(i.IIC_Read_Byte)
    i.IIC_Send_Byte                          0x080014a8   Section        0  iic.o(i.IIC_Send_Byte)
    i.IIC_Start                              0x0800150c   Section        0  iic.o(i.IIC_Start)
    i.IIC_Stop                               0x08001544   Section        0  iic.o(i.IIC_Stop)
    i.IIC_Wait_Ack                           0x0800157c   Section        0  iic.o(i.IIC_Wait_Ack)
    i.Info_DrawMeasurements                  0x080015c8   Section        0  main.o(i.Info_DrawMeasurements)
    Info_DrawMeasurements                    0x080015c9   Thumb Code   402  main.o(i.Info_DrawMeasurements)
    i.Info_DrawModButtons                    0x08001794   Section        0  main.o(i.Info_DrawModButtons)
    Info_DrawModButtons                      0x08001795   Thumb Code   256  main.o(i.Info_DrawModButtons)
    i.Info_DrawParams                        0x080018b0   Section        0  main.o(i.Info_DrawParams)
    Info_DrawParams                          0x080018b1   Thumb Code   172  main.o(i.Info_DrawParams)
    i.Info_DrawSNRSlider                     0x080019b0   Section        0  main.o(i.Info_DrawSNRSlider)
    Info_DrawSNRSlider                       0x080019b1   Thumb Code   444  main.o(i.Info_DrawSNRSlider)
    i.Key_Init                               0x08001b8c   Section        0  main.o(i.Key_Init)
    Key_Init                                 0x08001b8d   Thumb Code    52  main.o(i.Key_Init)
    i.Key_Scan                               0x08001bc8   Section        0  main.o(i.Key_Scan)
    Key_Scan                                 0x08001bc9   Thumb Code    78  main.o(i.Key_Scan)
    i.LCD_Clear                              0x08001c24   Section        0  tftlcd.o(i.LCD_Clear)
    i.LCD_Display_Dir                        0x08001c6c   Section        0  tftlcd.o(i.LCD_Display_Dir)
    i.LCD_DrawFRONT_COLOR                    0x08001cb4   Section        0  tftlcd.o(i.LCD_DrawFRONT_COLOR)
    i.LCD_DrawLine                           0x08001cd0   Section        0  tftlcd.o(i.LCD_DrawLine)
    i.LCD_DrawLine_Color                     0x08001d80   Section        0  tftlcd.o(i.LCD_DrawLine_Color)
    i.LCD_DrawPoint                          0x08001e2c   Section        0  tftlcd.o(i.LCD_DrawPoint)
    i.LCD_DrawRectangle                      0x08001e4c   Section        0  tftlcd.o(i.LCD_DrawRectangle)
    i.LCD_Draw_Circle                        0x08001e88   Section        0  tftlcd.o(i.LCD_Draw_Circle)
    i.LCD_Fill                               0x08001f20   Section        0  tftlcd.o(i.LCD_Fill)
    i.LCD_Pow                                0x08001f7c   Section        0  tftlcd.o(i.LCD_Pow)
    i.LCD_Set_Window                         0x08001f92   Section        0  tftlcd.o(i.LCD_Set_Window)
    i.LCD_ShowChar                           0x08002038   Section        0  tftlcd.o(i.LCD_ShowChar)
    i.LCD_ShowNum                            0x08002160   Section        0  tftlcd.o(i.LCD_ShowNum)
    i.LCD_ShowString                         0x080021f4   Section        0  tftlcd.o(i.LCD_ShowString)
    i.LCD_WriteCmd                           0x0800225c   Section        0  tftlcd.o(i.LCD_WriteCmd)
    i.LCD_WriteData                          0x08002268   Section        0  tftlcd.o(i.LCD_WriteData)
    i.LCD_WriteData_Color                    0x08002274   Section        0  tftlcd.o(i.LCD_WriteData_Color)
    i.LED_Init                               0x08002280   Section        0  led.o(i.LED_Init)
    i.MemManage_Handler                      0x080022d8   Section        0  stm32f4xx_it.o(i.MemManage_Handler)
    i.NMI_Handler                            0x080022dc   Section        0  stm32f4xx_it.o(i.NMI_Handler)
    i.NVIC_Init                              0x080022e0   Section        0  misc.o(i.NVIC_Init)
    i.NVIC_PriorityGroupConfig               0x08002358   Section        0  misc.o(i.NVIC_PriorityGroupConfig)
    i.PN7_Next                               0x0800236c   Section        0  demod.o(i.PN7_Next)
    PN7_Next                                 0x0800236d   Thumb Code    30  demod.o(i.PN7_Next)
    i.Page_DrawBER                           0x0800238c   Section        0  main.o(i.Page_DrawBER)
    Page_DrawBER                             0x0800238d   Thumb Code    36  main.o(i.Page_DrawBER)
    i.Page_DrawEye                           0x080023d4   Section        0  main.o(i.Page_DrawEye)
    Page_DrawEye                             0x080023d5   Thumb Code    36  main.o(i.Page_DrawEye)
    i.Page_DrawIQ                            0x08002420   Section        0  main.o(i.Page_DrawIQ)
    Page_DrawIQ                              0x08002421   Thumb Code   450  main.o(i.Page_DrawIQ)
    i.Page_DrawInfo                          0x08002650   Section        0  main.o(i.Page_DrawInfo)
    Page_DrawInfo                            0x08002651   Thumb Code    44  main.o(i.Page_DrawInfo)
    i.Page_DrawSpectrum                      0x080026a8   Section        0  main.o(i.Page_DrawSpectrum)
    Page_DrawSpectrum                        0x080026a9   Thumb Code    84  main.o(i.Page_DrawSpectrum)
    i.Page_DrawWaveform                      0x08002758   Section        0  main.o(i.Page_DrawWaveform)
    Page_DrawWaveform                        0x08002759   Thumb Code   130  main.o(i.Page_DrawWaveform)
    i.Page_HandleKey                         0x0800282c   Section        0  main.o(i.Page_HandleKey)
    Page_HandleKey                           0x0800282d   Thumb Code   188  main.o(i.Page_HandleKey)
    i.Page_Update                            0x08002918   Section        0  main.o(i.Page_Update)
    Page_Update                              0x08002919   Thumb Code    70  main.o(i.Page_Update)
    i.PendSV_Handler                         0x08002964   Section        0  stm32f4xx_it.o(i.PendSV_Handler)
    i.RCC_AHB1PeriphClockCmd                 0x08002968   Section        0  stm32f4xx_rcc.o(i.RCC_AHB1PeriphClockCmd)
    i.RCC_AHB3PeriphClockCmd                 0x08002988   Section        0  stm32f4xx_rcc.o(i.RCC_AHB3PeriphClockCmd)
    i.RCC_APB1PeriphClockCmd                 0x080029a8   Section        0  stm32f4xx_rcc.o(i.RCC_APB1PeriphClockCmd)
    i.RCC_APB2PeriphClockCmd                 0x080029c8   Section        0  stm32f4xx_rcc.o(i.RCC_APB2PeriphClockCmd)
    i.RCC_GetClocksFreq                      0x080029e8   Section        0  stm32f4xx_rcc.o(i.RCC_GetClocksFreq)
    i.SDA_IN                                 0x08002ad0   Section        0  iic.o(i.SDA_IN)
    i.SDA_OUT                                0x08002af4   Section        0  iic.o(i.SDA_OUT)
    i.SPI_Cmd                                0x08002b24   Section        0  stm32f4xx_spi.o(i.SPI_Cmd)
    i.SPI_I2S_GetFlagStatus                  0x08002b3c   Section        0  stm32f4xx_spi.o(i.SPI_I2S_GetFlagStatus)
    i.SPI_I2S_ReceiveData                    0x08002b4e   Section        0  stm32f4xx_spi.o(i.SPI_I2S_ReceiveData)
    i.SPI_I2S_SendData                       0x08002b54   Section        0  stm32f4xx_spi.o(i.SPI_I2S_SendData)
    i.SPI_Init                               0x08002b58   Section        0  stm32f4xx_spi.o(i.SPI_Init)
    i.SPI_Init_User                          0x08002b94   Section        0  main.o(i.SPI_Init_User)
    SPI_Init_User                            0x08002b95   Thumb Code   188  main.o(i.SPI_Init_User)
    i.SPI_SendByte                           0x08002c58   Section        0  main.o(i.SPI_SendByte)
    SPI_SendByte                             0x08002c59   Thumb Code    50  main.o(i.SPI_SendByte)
    i.SVC_Handler                            0x08002c90   Section        0  stm32f4xx_it.o(i.SVC_Handler)
    i.SetSysClock                            0x08002c94   Section        0  system_stm32f4xx.o(i.SetSysClock)
    SetSysClock                              0x08002c95   Thumb Code   220  system_stm32f4xx.o(i.SetSysClock)
    i.SysState_Demo_Fill                     0x08002d80   Section        0  main.o(i.SysState_Demo_Fill)
    SysState_Demo_Fill                       0x08002d81   Thumb Code   772  main.o(i.SysState_Demo_Fill)
    i.SysTick_CLKSourceConfig                0x080030bc   Section        0  misc.o(i.SysTick_CLKSourceConfig)
    i.SysTick_Handler                        0x080030e4   Section        0  stm32f4xx_it.o(i.SysTick_Handler)
    i.SysTick_Init                           0x080030e8   Section        0  systick.o(i.SysTick_Init)
    i.SystemInit                             0x08003124   Section        0  system_stm32f4xx.o(i.SystemInit)
    i.TFTLCD_FSMC_Init                       0x0800318c   Section        0  tftlcd.o(i.TFTLCD_FSMC_Init)
    i.TFTLCD_GPIO_Init                       0x0800320c   Section        0  tftlcd.o(i.TFTLCD_GPIO_Init)
    i.TFTLCD_Init                            0x080033c4   Section        0  tftlcd.o(i.TFTLCD_Init)
    i.TIM4_IRQHandler                        0x08003684   Section        0  time.o(i.TIM4_IRQHandler)
    i.TIM_ClearITPendingBit                  0x080036d4   Section        0  stm32f4xx_tim.o(i.TIM_ClearITPendingBit)
    i.TIM_GetITStatus                        0x080036da   Section        0  stm32f4xx_tim.o(i.TIM_GetITStatus)
    i.TP_Adj_Info_Show                       0x080036fc   Section        0  touch.o(i.TP_Adj_Info_Show)
    i.TP_Adjust                              0x080038a4   Section        0  touch.o(i.TP_Adjust)
    i.TP_Drow_Touch_Point                    0x080041a4   Section        0  touch.o(i.TP_Drow_Touch_Point)
    i.TP_Get_Adjdata                         0x08004214   Section        0  touch.o(i.TP_Get_Adjdata)
    i.TP_Init                                0x080042c8   Section        0  touch.o(i.TP_Init)
    i.TP_Read_AD                             0x0800436c   Section        0  touch.o(i.TP_Read_AD)
    i.TP_Read_XOY                            0x08004400   Section        0  touch.o(i.TP_Read_XOY)
    i.TP_Read_XY                             0x0800447c   Section        0  touch.o(i.TP_Read_XY)
    i.TP_Read_XY2                            0x080044ac   Section        0  touch.o(i.TP_Read_XY2)
    i.TP_Save_Adjdata                        0x0800456c   Section        0  touch.o(i.TP_Save_Adjdata)
    i.TP_Scan                                0x080045ec   Section        0  touch.o(i.TP_Scan)
    i.TP_Write_Byte                          0x080046e0   Section        0  touch.o(i.TP_Write_Byte)
    i.Touch_HandleInfo                       0x0800472c   Section        0  main.o(i.Touch_HandleInfo)
    Touch_HandleInfo                         0x0800472d   Thumb Code   368  main.o(i.Touch_HandleInfo)
    i.Touch_HandleNav                        0x080048d4   Section        0  main.o(i.Touch_HandleNav)
    Touch_HandleNav                          0x080048d5   Thumb Code   364  main.o(i.Touch_HandleNav)
    i.Touch_InRect                           0x08004a78   Section        0  main.o(i.Touch_InRect)
    Touch_InRect                             0x08004a79   Thumb Code    44  main.o(i.Touch_InRect)
    i.Touch_Process                          0x08004aa8   Section        0  main.o(i.Touch_Process)
    Touch_Process                            0x08004aa9   Thumb Code    32  main.o(i.Touch_Process)
    i.Touch_Update                           0x08004ad0   Section        0  main.o(i.Touch_Update)
    Touch_Update                             0x08004ad1   Thumb Code   170  main.o(i.Touch_Update)
    i.UI_DrawBERCurve                        0x08004b88   Section        0  main.o(i.UI_DrawBERCurve)
    UI_DrawBERCurve                          0x08004b89   Thumb Code  1122  main.o(i.UI_DrawBERCurve)
    i.UI_DrawEyeDiagram                      0x08004fec   Section        0  main.o(i.UI_DrawEyeDiagram)
    UI_DrawEyeDiagram                        0x08004fed   Thumb Code   488  main.o(i.UI_DrawEyeDiagram)
    i.UI_DrawIQPlot                          0x08005200   Section        0  main.o(i.UI_DrawIQPlot)
    UI_DrawIQPlot                            0x08005201   Thumb Code   452  main.o(i.UI_DrawIQPlot)
    i.UI_DrawNavBar                          0x080053c4   Section        0  main.o(i.UI_DrawNavBar)
    UI_DrawNavBar                            0x080053c5   Thumb Code   162  main.o(i.UI_DrawNavBar)
    i.UI_DrawNavHighlight                    0x08005470   Section        0  main.o(i.UI_DrawNavHighlight)
    UI_DrawNavHighlight                      0x08005471   Thumb Code    62  main.o(i.UI_DrawNavHighlight)
    i.UI_DrawSpectrum                        0x080054b0   Section        0  main.o(i.UI_DrawSpectrum)
    UI_DrawSpectrum                          0x080054b1   Thumb Code   600  main.o(i.UI_DrawSpectrum)
    i.UI_DrawStatusBar                       0x08005720   Section        0  main.o(i.UI_DrawStatusBar)
    UI_DrawStatusBar                         0x08005721   Thumb Code   418  main.o(i.UI_DrawStatusBar)
    i.UI_DrawTitleBar                        0x080058e0   Section        0  main.o(i.UI_DrawTitleBar)
    UI_DrawTitleBar                          0x080058e1   Thumb Code   130  main.o(i.UI_DrawTitleBar)
    i.UI_DrawWaveform                        0x08005970   Section        0  main.o(i.UI_DrawWaveform)
    UI_DrawWaveform                          0x08005971   Thumb Code   376  main.o(i.UI_DrawWaveform)
    i.USART1_IRQHandler                      0x08005af0   Section        0  usart.o(i.USART1_IRQHandler)
    i.USART1_Init                            0x08005b78   Section        0  usart.o(i.USART1_Init)
    i.USART_ClearFlag                        0x08005c2c   Section        0  stm32f4xx_usart.o(i.USART_ClearFlag)
    i.USART_Cmd                              0x08005c3e   Section        0  stm32f4xx_usart.o(i.USART_Cmd)
    i.USART_GetFlagStatus                    0x08005c56   Section        0  stm32f4xx_usart.o(i.USART_GetFlagStatus)
    i.USART_GetITStatus                      0x08005c70   Section        0  stm32f4xx_usart.o(i.USART_GetITStatus)
    i.USART_ITConfig                         0x08005cc4   Section        0  stm32f4xx_usart.o(i.USART_ITConfig)
    i.USART_Init                             0x08005d10   Section        0  stm32f4xx_usart.o(i.USART_Init)
    i.USART_ReceiveData                      0x08005de4   Section        0  stm32f4xx_usart.o(i.USART_ReceiveData)
    i.USART_SendData                         0x08005dee   Section        0  stm32f4xx_usart.o(i.USART_SendData)
    i.UsageFault_Handler                     0x08005df6   Section        0  stm32f4xx_it.o(i.UsageFault_Handler)
    i.__0printf                              0x08005dfc   Section        0  printfa.o(i.__0printf)
    i.__ARM_fpclassifyf                      0x08005e1c   Section        0  fpclassifyf.o(i.__ARM_fpclassifyf)
    i.__hardfp_cosf                          0x08005e44   Section        0  cosf.o(i.__hardfp_cosf)
    i.__hardfp_erfcf                         0x08005f94   Section        0  erfcf.o(i.__hardfp_erfcf)
    i.__hardfp_powf                          0x080062b4   Section        0  powf.o(i.__hardfp_powf)
    i.__hardfp_sinf                          0x08006918   Section        0  sinf.o(i.__hardfp_sinf)
    i.__hardfp_sqrt                          0x08006aa8   Section        0  sqrt.o(i.__hardfp_sqrt)
    i.__hardfp_sqrtf                         0x08006b22   Section        0  sqrtf.o(i.__hardfp_sqrtf)
    i.__mathlib_expf                         0x08006b5c   Section        0  expf_i.o(i.__mathlib_expf)
    i.__mathlib_flt_divzero                  0x08006d44   Section        0  funder.o(i.__mathlib_flt_divzero)
    i.__mathlib_flt_infnan                   0x08006d58   Section        0  funder.o(i.__mathlib_flt_infnan)
    i.__mathlib_flt_infnan2                  0x08006d5e   Section        0  funder.o(i.__mathlib_flt_infnan2)
    i.__mathlib_flt_invalid                  0x08006d64   Section        0  funder.o(i.__mathlib_flt_invalid)
    i.__mathlib_flt_overflow                 0x08006d74   Section        0  funder.o(i.__mathlib_flt_overflow)
    i.__mathlib_flt_underflow                0x08006d84   Section        0  funder.o(i.__mathlib_flt_underflow)
    i.__mathlib_rredf2                       0x08006d94   Section        0  rredf.o(i.__mathlib_rredf2)
    i.__scatterload_copy                     0x08006ee8   Section       14  handlers.o(i.__scatterload_copy)
    i.__scatterload_null                     0x08006ef6   Section        2  handlers.o(i.__scatterload_null)
    i.__scatterload_zeroinit                 0x08006ef8   Section       14  handlers.o(i.__scatterload_zeroinit)
    i.__set_errno                            0x08006f08   Section        0  errno.o(i.__set_errno)
    i._fp_digits                             0x08006f14   Section        0  printfa.o(i._fp_digits)
    _fp_digits                               0x08006f15   Thumb Code   366  printfa.o(i._fp_digits)
    i._printf_core                           0x08007098   Section        0  printfa.o(i._printf_core)
    _printf_core                             0x08007099   Thumb Code  1704  printfa.o(i._printf_core)
    i._printf_post_padding                   0x0800774c   Section        0  printfa.o(i._printf_post_padding)
    _printf_post_padding                     0x0800774d   Thumb Code    36  printfa.o(i._printf_post_padding)
    i._printf_pre_padding                    0x08007770   Section        0  printfa.o(i._printf_pre_padding)
    _printf_pre_padding                      0x08007771   Thumb Code    46  printfa.o(i._printf_pre_padding)
    i.delay_ms                               0x0800779e   Section        0  systick.o(i.delay_ms)
    i.delay_nms                              0x080077d8   Section        0  systick.o(i.delay_nms)
    i.delay_us                               0x08007824   Section        0  systick.o(i.delay_us)
    i.fputc                                  0x08007870   Section        0  usart.o(i.fputc)
    i.lv_tick_inc                            0x08007894   Section        0  lv_hal_tick.o(i.lv_tick_inc)
    i.main                                   0x080078b0   Section        0  main.o(i.main)
    .constdata                               0x08007a4c   Section      120  main.o(.constdata)
    MOD_NAMES                                0x08007a4c   Data          12  main.o(.constdata)
    qpsk_i                                   0x08007a58   Data           4  main.o(.constdata)
    qpsk_q                                   0x08007a5c   Data           4  main.o(.constdata)
    noise_i                                  0x08007a60   Data           8  main.o(.constdata)
    noise_q                                  0x08007a68   Data           8  main.o(.constdata)
    sin_tbl                                  0x08007a70   Data          32  main.o(.constdata)
    clabels                                  0x08007a90   Data          12  main.o(.constdata)
    ylabels                                  0x08007a9c   Data          16  main.o(.constdata)
    xlabels                                  0x08007aac   Data          24  main.o(.constdata)
    .constdata                               0x08007ac4   Section       94  demod.o(.constdata)
    cos_lut                                  0x08007ac4   Data          32  demod.o(.constdata)
    sin_lut                                  0x08007ae4   Data          32  demod.o(.constdata)
    fir_coeff                                0x08007b04   Data          30  demod.o(.constdata)
    .constdata                               0x08007b22   Section    18712  tftlcd.o(.constdata)
    .constdata                               0x0800c43c   Section        4  touch.o(.constdata)
    .constdata                               0x0800c440   Section      320  powf.o(.constdata)
    table                                    0x0800c440   Data         128  powf.o(.constdata)
    powersof2to1over16top                    0x0800c4c0   Data          64  powf.o(.constdata)
    powersof2to1over16bot                    0x0800c500   Data          64  powf.o(.constdata)
    powersof2to1over16all                    0x0800c540   Data          64  powf.o(.constdata)
    .constdata                               0x0800c580   Section       48  expf_i.o(.constdata)
    twotokover4top                           0x0800c580   Data          16  expf_i.o(.constdata)
    twotokover4bot                           0x0800c590   Data          16  expf_i.o(.constdata)
    twotokover4all                           0x0800c5a0   Data          16  expf_i.o(.constdata)
    .constdata                               0x0800c5b0   Section       32  rredf.o(.constdata)
    twooverpi                                0x0800c5b0   Data          32  rredf.o(.constdata)
    .conststring                             0x0800c5d0   Section       86  main.o(.conststring)
    .conststring                             0x0800c628   Section      121  touch.o(.conststring)
    .data                                    0x20000000   Section       15  main.o(.data)
    g_page                                   0x20000000   Data           1  main.o(.data)
    g_need_redraw                            0x20000001   Data           1  main.o(.data)
    g_adc_buf_valid                          0x20000002   Data           1  main.o(.data)
    g_snr_dragging                           0x20000003   Data           1  main.o(.data)
    dem_idx                                  0x20000004   Data           2  main.o(.data)
    iq_idx                                   0x20000006   Data           1  main.o(.data)
    print_cnt                                0x20000008   Data           4  main.o(.data)
    mod_idx_w                                0x2000000c   Data           2  main.o(.data)
    key_state                                0x2000000e   Data           1  main.o(.data)
    .data                                    0x2000000f   Section       16  stm32f4xx_rcc.o(.data)
    APBAHBPrescTable                         0x2000000f   Data          16  stm32f4xx_rcc.o(.data)
    .data                                    0x20000020   Section        4  systick.o(.data)
    fac_us                                   0x20000020   Data           1  systick.o(.data)
    fac_ms                                   0x20000022   Data           2  systick.o(.data)
    .data                                    0x20000024   Section        2  usart.o(.data)
    .data                                    0x20000026   Section       12  tftlcd.o(.data)
    .data                                    0x20000034   Section       74  touch.o(.data)
    .data                                    0x2000007e   Section        1  time.o(.data)
    i                                        0x2000007e   Data           1  time.o(.data)
    .data                                    0x20000080   Section        5  lv_hal_tick.o(.data)
    sys_time                                 0x20000080   Data           4  lv_hal_tick.o(.data)
    tick_irq_flag                            0x20000084   Data           1  lv_hal_tick.o(.data)
    .data                                    0x20000088   Section        4  stdout.o(.data)
    .data                                    0x2000008c   Section        4  errno.o(.data)
    _errno                                   0x2000008c   Data           4  errno.o(.data)
    .bss                                     0x20000090   Section     5344  main.o(.bss)
    g_state                                  0x20000090   Data        3132  main.o(.bss)
    g_touch                                  0x20000ccc   Data          14  main.o(.bss)
    g_demod                                  0x20000cdc   Data          84  main.o(.bss)
    g_adc_buf                                0x20000d30   Data          64  main.o(.bss)
    re                                       0x20000d70   Data        1024  main.o(.bss)
    im                                       0x20001170   Data        1024  main.o(.bss)
    .bss                                     0x20001570   Section      200  usart.o(.bss)
    STACK                                    0x20001638   Section     2048  startup_stm32f40_41xxx.o(STACK)

    Global Symbols

    Symbol Name                              Value     Ov Type        Size  Object(Section)

    BuildAttributes$$THM_ISAv4$E$P$D$K$B$S$7EM$VFPi3$EXTD16$VFPS$VFMA$PE$A:L22UL41UL21$X:L11$S22US41US21$IEEE1$IW$USESV6$~STKCKD$USESV7$~SHL$OTIME$ROPI$IEEEX$EBA8$MICROLIB$REQ8$PRES8$EABIv2 0x00000000   Number         0  anon$$obj.o ABSOLUTE
    __ARM_use_no_argv                        0x00000000   Number         0  main.o ABSOLUTE
    _printf_a                                0x00000000   Number         0  stubs.o ABSOLUTE
    _printf_c                                0x00000000   Number         0  stubs.o ABSOLUTE
    _printf_charcount                        0x00000000   Number         0  stubs.o ABSOLUTE
    _printf_d                                0x00000000   Number         0  stubs.o ABSOLUTE
    _printf_e                                0x00000000   Number         0  stubs.o ABSOLUTE
    _printf_f                                0x00000000   Number         0  stubs.o ABSOLUTE
    _printf_flags                            0x00000000   Number         0  stubs.o ABSOLUTE
    _printf_fp_dec                           0x00000000   Number         0  stubs.o ABSOLUTE
    _printf_fp_hex                           0x00000000   Number         0  stubs.o ABSOLUTE
    _printf_g                                0x00000000   Number         0  stubs.o ABSOLUTE
    _printf_i                                0x00000000   Number         0  stubs.o ABSOLUTE
    _printf_int_dec                          0x00000000   Number         0  stubs.o ABSOLUTE
    _printf_l                                0x00000000   Number         0  stubs.o ABSOLUTE
    _printf_lc                               0x00000000   Number         0  stubs.o ABSOLUTE
    _printf_ll                               0x00000000   Number         0  stubs.o ABSOLUTE
    _printf_lld                              0x00000000   Number         0  stubs.o ABSOLUTE
    _printf_lli                              0x00000000   Number         0  stubs.o ABSOLUTE
    _printf_llo                              0x00000000   Number         0  stubs.o ABSOLUTE
    _printf_llu                              0x00000000   Number         0  stubs.o ABSOLUTE
    _printf_llx                              0x00000000   Number         0  stubs.o ABSOLUTE
    _printf_longlong_dec                     0x00000000   Number         0  stubs.o ABSOLUTE
    _printf_longlong_hex                     0x00000000   Number         0  stubs.o ABSOLUTE
    _printf_longlong_oct                     0x00000000   Number         0  stubs.o ABSOLUTE
    _printf_ls                               0x00000000   Number         0  stubs.o ABSOLUTE
    _printf_mbtowc                           0x00000000   Number         0  stubs.o ABSOLUTE
    _printf_n                                0x00000000   Number         0  stubs.o ABSOLUTE
    _printf_o                                0x00000000   Number         0  stubs.o ABSOLUTE
    _printf_p                                0x00000000   Number         0  stubs.o ABSOLUTE
    _printf_percent                          0x00000000   Number         0  stubs.o ABSOLUTE
    _printf_pre_padding                      0x00000000   Number         0  stubs.o ABSOLUTE
    _printf_return_value                     0x00000000   Number         0  stubs.o ABSOLUTE
    _printf_s                                0x00000000   Number         0  stubs.o ABSOLUTE
    _printf_sizespec                         0x00000000   Number         0  stubs.o ABSOLUTE
    _printf_str                              0x00000000   Number         0  stubs.o ABSOLUTE
    _printf_truncate_signed                  0x00000000   Number         0  stubs.o ABSOLUTE
    _printf_truncate_unsigned                0x00000000   Number         0  stubs.o ABSOLUTE
    _printf_u                                0x00000000   Number         0  stubs.o ABSOLUTE
    _printf_wc                               0x00000000   Number         0  stubs.o ABSOLUTE
    _printf_wctomb                           0x00000000   Number         0  stubs.o ABSOLUTE
    _printf_widthprec                        0x00000000   Number         0  stubs.o ABSOLUTE
    _printf_x                                0x00000000   Number         0  stubs.o ABSOLUTE
    __arm_fini_                               - Undefined Weak Reference
    __cpp_initialize__aeabi_                  - Undefined Weak Reference
    __cxa_finalize                            - Undefined Weak Reference
    __decompress                              - Undefined Weak Reference
    _clock_init                               - Undefined Weak Reference
    _microlib_exit                            - Undefined Weak Reference
    __Vectors_Size                           0x00000188   Number         0  startup_stm32f40_41xxx.o ABSOLUTE
    __Vectors                                0x08000000   Data           4  startup_stm32f40_41xxx.o(RESET)
    __Vectors_End                            0x08000188   Data           0  startup_stm32f40_41xxx.o(RESET)
    __main                                   0x08000189   Thumb Code     0  entry.o(.ARM.Collect$$$$00000000)
    _main_stk                                0x08000189   Thumb Code     0  entry2.o(.ARM.Collect$$$$00000001)
    _main_scatterload                        0x0800018d   Thumb Code     0  entry5.o(.ARM.Collect$$$$00000004)
    __main_after_scatterload                 0x08000191   Thumb Code     0  entry5.o(.ARM.Collect$$$$00000004)
    _main_clock                              0x08000191   Thumb Code     0  entry7b.o(.ARM.Collect$$$$00000008)
    _main_cpp_init                           0x08000191   Thumb Code     0  entry8b.o(.ARM.Collect$$$$0000000A)
    _main_init                               0x08000191   Thumb Code     0  entry9a.o(.ARM.Collect$$$$0000000B)
    __rt_lib_shutdown_fini                   0x08000199   Thumb Code     0  entry12b.o(.ARM.Collect$$$$0000000E)
    __rt_final_cpp                           0x0800019d   Thumb Code     0  entry10a.o(.ARM.Collect$$$$0000000F)
    __rt_final_exit                          0x0800019d   Thumb Code     0  entry11a.o(.ARM.Collect$$$$00000011)
    Reset_Handler                            0x080001a1   Thumb Code     8  startup_stm32f40_41xxx.o(.text)
    ADC_IRQHandler                           0x080001bb   Thumb Code     0  startup_stm32f40_41xxx.o(.text)
    CAN1_RX0_IRQHandler                      0x080001bb   Thumb Code     0  startup_stm32f40_41xxx.o(.text)
    CAN1_RX1_IRQHandler                      0x080001bb   Thumb Code     0  startup_stm32f40_41xxx.o(.text)
    CAN1_SCE_IRQHandler                      0x080001bb   Thumb Code     0  startup_stm32f40_41xxx.o(.text)
    CAN1_TX_IRQHandler                       0x080001bb   Thumb Code     0  startup_stm32f40_41xxx.o(.text)
    CAN2_RX0_IRQHandler                      0x080001bb   Thumb Code     0  startup_stm32f40_41xxx.o(.text)
    CAN2_RX1_IRQHandler                      0x080001bb   Thumb Code     0  startup_stm32f40_41xxx.o(.text)
    CAN2_SCE_IRQHandler                      0x080001bb   Thumb Code     0  startup_stm32f40_41xxx.o(.text)
    CAN2_TX_IRQHandler                       0x080001bb   Thumb Code     0  startup_stm32f40_41xxx.o(.text)
    CRYP_IRQHandler                          0x080001bb   Thumb Code     0  startup_stm32f40_41xxx.o(.text)
    DCMI_IRQHandler                          0x080001bb   Thumb Code     0  startup_stm32f40_41xxx.o(.text)
    DMA1_Stream0_IRQHandler                  0x080001bb   Thumb Code     0  startup_stm32f40_41xxx.o(.text)
    DMA1_Stream1_IRQHandler                  0x080001bb   Thumb Code     0  startup_stm32f40_41xxx.o(.text)
    DMA1_Stream2_IRQHandler                  0x080001bb   Thumb Code     0  startup_stm32f40_41xxx.o(.text)
    DMA1_Stream3_IRQHandler                  0x080001bb   Thumb Code     0  startup_stm32f40_41xxx.o(.text)
    DMA1_Stream4_IRQHandler                  0x080001bb   Thumb Code     0  startup_stm32f40_41xxx.o(.text)
    DMA1_Stream5_IRQHandler                  0x080001bb   Thumb Code     0  startup_stm32f40_41xxx.o(.text)
    DMA1_Stream6_IRQHandler                  0x080001bb   Thumb Code     0  startup_stm32f40_41xxx.o(.text)
    DMA1_Stream7_IRQHandler                  0x080001bb   Thumb Code     0  startup_stm32f40_41xxx.o(.text)
    DMA2_Stream0_IRQHandler                  0x080001bb   Thumb Code     0  startup_stm32f40_41xxx.o(.text)
    DMA2_Stream1_IRQHandler                  0x080001bb   Thumb Code     0  startup_stm32f40_41xxx.o(.text)
    DMA2_Stream2_IRQHandler                  0x080001bb   Thumb Code     0  startup_stm32f40_41xxx.o(.text)
    DMA2_Stream3_IRQHandler                  0x080001bb   Thumb Code     0  startup_stm32f40_41xxx.o(.text)
    DMA2_Stream4_IRQHandler                  0x080001bb   Thumb Code     0  startup_stm32f40_41xxx.o(.text)
    DMA2_Stream5_IRQHandler                  0x080001bb   Thumb Code     0  startup_stm32f40_41xxx.o(.text)
    DMA2_Stream6_IRQHandler                  0x080001bb   Thumb Code     0  startup_stm32f40_41xxx.o(.text)
    DMA2_Stream7_IRQHandler                  0x080001bb   Thumb Code     0  startup_stm32f40_41xxx.o(.text)
    ETH_IRQHandler                           0x080001bb   Thumb Code     0  startup_stm32f40_41xxx.o(.text)
    ETH_WKUP_IRQHandler                      0x080001bb   Thumb Code     0  startup_stm32f40_41xxx.o(.text)
    EXTI0_IRQHandler                         0x080001bb   Thumb Code     0  startup_stm32f40_41xxx.o(.text)
    EXTI15_10_IRQHandler                     0x080001bb   Thumb Code     0  startup_stm32f40_41xxx.o(.text)
    EXTI1_IRQHandler                         0x080001bb   Thumb Code     0  startup_stm32f40_41xxx.o(.text)
    EXTI2_IRQHandler                         0x080001bb   Thumb Code     0  startup_stm32f40_41xxx.o(.text)
    EXTI3_IRQHandler                         0x080001bb   Thumb Code     0  startup_stm32f40_41xxx.o(.text)
    EXTI4_IRQHandler                         0x080001bb   Thumb Code     0  startup_stm32f40_41xxx.o(.text)
    EXTI9_5_IRQHandler                       0x080001bb   Thumb Code     0  startup_stm32f40_41xxx.o(.text)
    FLASH_IRQHandler                         0x080001bb   Thumb Code     0  startup_stm32f40_41xxx.o(.text)
    FPU_IRQHandler                           0x080001bb   Thumb Code     0  startup_stm32f40_41xxx.o(.text)
    FSMC_IRQHandler                          0x080001bb   Thumb Code     0  startup_stm32f40_41xxx.o(.text)
    HASH_RNG_IRQHandler                      0x080001bb   Thumb Code     0  startup_stm32f40_41xxx.o(.text)
    I2C1_ER_IRQHandler                       0x080001bb   Thumb Code     0  startup_stm32f40_41xxx.o(.text)
    I2C1_EV_IRQHandler                       0x080001bb   Thumb Code     0  startup_stm32f40_41xxx.o(.text)
    I2C2_ER_IRQHandler                       0x080001bb   Thumb Code     0  startup_stm32f40_41xxx.o(.text)
    I2C2_EV_IRQHandler                       0x080001bb   Thumb Code     0  startup_stm32f40_41xxx.o(.text)
    I2C3_ER_IRQHandler                       0x080001bb   Thumb Code     0  startup_stm32f40_41xxx.o(.text)
    I2C3_EV_IRQHandler                       0x080001bb   Thumb Code     0  startup_stm32f40_41xxx.o(.text)
    OTG_FS_IRQHandler                        0x080001bb   Thumb Code     0  startup_stm32f40_41xxx.o(.text)
    OTG_FS_WKUP_IRQHandler                   0x080001bb   Thumb Code     0  startup_stm32f40_41xxx.o(.text)
    OTG_HS_EP1_IN_IRQHandler                 0x080001bb   Thumb Code     0  startup_stm32f40_41xxx.o(.text)
    OTG_HS_EP1_OUT_IRQHandler                0x080001bb   Thumb Code     0  startup_stm32f40_41xxx.o(.text)
    OTG_HS_IRQHandler                        0x080001bb   Thumb Code     0  startup_stm32f40_41xxx.o(.text)
    OTG_HS_WKUP_IRQHandler                   0x080001bb   Thumb Code     0  startup_stm32f40_41xxx.o(.text)
    PVD_IRQHandler                           0x080001bb   Thumb Code     0  startup_stm32f40_41xxx.o(.text)
    RCC_IRQHandler                           0x080001bb   Thumb Code     0  startup_stm32f40_41xxx.o(.text)
    RTC_Alarm_IRQHandler                     0x080001bb   Thumb Code     0  startup_stm32f40_41xxx.o(.text)
    RTC_WKUP_IRQHandler                      0x080001bb   Thumb Code     0  startup_stm32f40_41xxx.o(.text)
    SDIO_IRQHandler                          0x080001bb   Thumb Code     0  startup_stm32f40_41xxx.o(.text)
    SPI1_IRQHandler                          0x080001bb   Thumb Code     0  startup_stm32f40_41xxx.o(.text)
    SPI2_IRQHandler                          0x080001bb   Thumb Code     0  startup_stm32f40_41xxx.o(.text)
    SPI3_IRQHandler                          0x080001bb   Thumb Code     0  startup_stm32f40_41xxx.o(.text)
    TAMP_STAMP_IRQHandler                    0x080001bb   Thumb Code     0  startup_stm32f40_41xxx.o(.text)
    TIM1_BRK_TIM9_IRQHandler                 0x080001bb   Thumb Code     0  startup_stm32f40_41xxx.o(.text)
    TIM1_CC_IRQHandler                       0x080001bb   Thumb Code     0  startup_stm32f40_41xxx.o(.text)
    TIM1_TRG_COM_TIM11_IRQHandler            0x080001bb   Thumb Code     0  startup_stm32f40_41xxx.o(.text)
    TIM1_UP_TIM10_IRQHandler                 0x080001bb   Thumb Code     0  startup_stm32f40_41xxx.o(.text)
    TIM2_IRQHandler                          0x080001bb   Thumb Code     0  startup_stm32f40_41xxx.o(.text)
    TIM3_IRQHandler                          0x080001bb   Thumb Code     0  startup_stm32f40_41xxx.o(.text)
    TIM5_IRQHandler                          0x080001bb   Thumb Code     0  startup_stm32f40_41xxx.o(.text)
    TIM6_DAC_IRQHandler                      0x080001bb   Thumb Code     0  startup_stm32f40_41xxx.o(.text)
    TIM7_IRQHandler                          0x080001bb   Thumb Code     0  startup_stm32f40_41xxx.o(.text)
    TIM8_BRK_TIM12_IRQHandler                0x080001bb   Thumb Code     0  startup_stm32f40_41xxx.o(.text)
    TIM8_CC_IRQHandler                       0x080001bb   Thumb Code     0  startup_stm32f40_41xxx.o(.text)
    TIM8_TRG_COM_TIM14_IRQHandler            0x080001bb   Thumb Code     0  startup_stm32f40_41xxx.o(.text)
    TIM8_UP_TIM13_IRQHandler                 0x080001bb   Thumb Code     0  startup_stm32f40_41xxx.o(.text)
    UART4_IRQHandler                         0x080001bb   Thumb Code     0  startup_stm32f40_41xxx.o(.text)
    UART5_IRQHandler                         0x080001bb   Thumb Code     0  startup_stm32f40_41xxx.o(.text)
    USART2_IRQHandler                        0x080001bb   Thumb Code     0  startup_stm32f40_41xxx.o(.text)
    USART3_IRQHandler                        0x080001bb   Thumb Code     0  startup_stm32f40_41xxx.o(.text)
    USART6_IRQHandler                        0x080001bb   Thumb Code     0  startup_stm32f40_41xxx.o(.text)
    WWDG_IRQHandler                          0x080001bb   Thumb Code     0  startup_stm32f40_41xxx.o(.text)
    __aeabi_dmul                             0x080001c5   Thumb Code   228  dmul.o(.text)
    __aeabi_ui2d                             0x080002a9   Thumb Code    26  dfltui.o(.text)
    __aeabi_d2uiz                            0x080002c3   Thumb Code    50  dfixui.o(.text)
    __aeabi_f2d                              0x080002f5   Thumb Code    38  f2d.o(.text)
    __aeabi_cdcmpeq                          0x0800031d   Thumb Code     0  cdcmple.o(.text)
    __aeabi_cdcmple                          0x0800031d   Thumb Code    48  cdcmple.o(.text)
    __aeabi_cdrcmple                         0x0800034d   Thumb Code    48  cdrcmple.o(.text)
    __aeabi_uidiv                            0x0800037d   Thumb Code     0  uidiv.o(.text)
    __aeabi_uidivmod                         0x0800037d   Thumb Code    44  uidiv.o(.text)
    __aeabi_uldivmod                         0x080003a9   Thumb Code    98  uldiv.o(.text)
    __aeabi_llsr                             0x0800040b   Thumb Code    32  llushr.o(.text)
    _ll_ushift_r                             0x0800040b   Thumb Code     0  llushr.o(.text)
    __I$use$fp                               0x0800042b   Thumb Code     0  iusefp.o(.text)
    _double_round                            0x0800042b   Thumb Code    30  depilogue.o(.text)
    _double_epilogue                         0x08000449   Thumb Code   156  depilogue.o(.text)
    __aeabi_dadd                             0x080004e5   Thumb Code   322  dadd.o(.text)
    __aeabi_dsub                             0x08000627   Thumb Code     6  dadd.o(.text)
    __aeabi_drsub                            0x0800062d   Thumb Code     6  dadd.o(.text)
    __aeabi_ddiv                             0x08000633   Thumb Code   222  ddiv.o(.text)
    _dsqrt                                   0x08000711   Thumb Code   162  dsqrt.o(.text)
    __aeabi_d2ulz                            0x080007b3   Thumb Code    48  dfixul.o(.text)
    __fp_status                              0x080007e3   Thumb Code     4  fpstat.o(.text)
    __ieee_status                            0x080007e3   Thumb Code     0  fpstat.o(.text)
    __scatterload                            0x080007e9   Thumb Code    28  init.o(.text)
    __scatterload_rt2                        0x080007e9   Thumb Code     0  init.o(.text)
    __aeabi_llsl                             0x0800080d   Thumb Code    30  llshl.o(.text)
    _ll_shift_l                              0x0800080d   Thumb Code     0  llshl.o(.text)
    __aeabi_lasr                             0x0800082b   Thumb Code    36  llsshr.o(.text)
    _ll_sshift_r                             0x0800082b   Thumb Code     0  llsshr.o(.text)
    AT24CXX_Init                             0x0800084f   Thumb Code     8  24cxx.o(i.AT24CXX_Init)
    AT24CXX_ReadLenByte                      0x08000857   Thumb Code    44  24cxx.o(i.AT24CXX_ReadLenByte)
    AT24CXX_ReadOneByte                      0x08000883   Thumb Code    88  24cxx.o(i.AT24CXX_ReadOneByte)
    AT24CXX_WriteLenByte                     0x080008db   Thumb Code    42  24cxx.o(i.AT24CXX_WriteLenByte)
    AT24CXX_WriteOneByte                     0x08000905   Thumb Code    80  24cxx.o(i.AT24CXX_WriteOneByte)
    BusFault_Handler                         0x08000955   Thumb Code     4  stm32f4xx_it.o(i.BusFault_Handler)
    DebugMon_Handler                         0x08000a89   Thumb Code     2  stm32f4xx_it.o(i.DebugMon_Handler)
    Demod_GetBER_Q20                         0x08000aef   Thumb Code    24  demod.o(i.Demod_GetBER_Q20)
    Demod_Init                               0x08000b07   Thumb Code    64  demod.o(i.Demod_Init)
    Demod_OnBit                              0x08000b49   Thumb Code   222  main.o(i.Demod_OnBit)
    Demod_PushSample                         0x08000c85   Thumb Code   274  demod.o(i.Demod_PushSample)
    Demod_ResetBER                           0x08000da1   Thumb Code    14  demod.o(i.Demod_ResetBER)
    FSMC_NORSRAMCmd                          0x08001145   Thumb Code    46  stm32f4xx_fsmc.o(i.FSMC_NORSRAMCmd)
    FSMC_NORSRAMInit                         0x08001179   Thumb Code   290  stm32f4xx_fsmc.o(i.FSMC_NORSRAMInit)
    GPIO_Init                                0x080012a1   Thumb Code   144  stm32f4xx_gpio.o(i.GPIO_Init)
    GPIO_PinAFConfig                         0x08001331   Thumb Code    70  stm32f4xx_gpio.o(i.GPIO_PinAFConfig)
    GPIO_ReadInputDataBit                    0x08001377   Thumb Code    18  stm32f4xx_gpio.o(i.GPIO_ReadInputDataBit)
    GPIO_ResetBits                           0x08001389   Thumb Code     4  stm32f4xx_gpio.o(i.GPIO_ResetBits)
    GPIO_SetBits                             0x0800138d   Thumb Code     4  stm32f4xx_gpio.o(i.GPIO_SetBits)
    HardFault_Handler                        0x08001391   Thumb Code     4  stm32f4xx_it.o(i.HardFault_Handler)
    IIC_Ack                                  0x08001395   Thumb Code    48  iic.o(i.IIC_Ack)
    IIC_Init                                 0x080013cd   Thumb Code    62  iic.o(i.IIC_Init)
    IIC_NAck                                 0x08001419   Thumb Code    48  iic.o(i.IIC_NAck)
    IIC_Read_Byte                            0x08001451   Thumb Code    80  iic.o(i.IIC_Read_Byte)
    IIC_Send_Byte                            0x080014a9   Thumb Code    90  iic.o(i.IIC_Send_Byte)
    IIC_Start                                0x0800150d   Thumb Code    46  iic.o(i.IIC_Start)
    IIC_Stop                                 0x08001545   Thumb Code    46  iic.o(i.IIC_Stop)
    IIC_Wait_Ack                             0x0800157d   Thumb Code    68  iic.o(i.IIC_Wait_Ack)
    LCD_Clear                                0x08001c25   Thumb Code    68  tftlcd.o(i.LCD_Clear)
    LCD_Display_Dir                          0x08001c6d   Thumb Code    66  tftlcd.o(i.LCD_Display_Dir)
    LCD_DrawFRONT_COLOR                      0x08001cb5   Thumb Code    28  tftlcd.o(i.LCD_DrawFRONT_COLOR)
    LCD_DrawLine                             0x08001cd1   Thumb Code   176  tftlcd.o(i.LCD_DrawLine)
    LCD_DrawLine_Color                       0x08001d81   Thumb Code   172  tftlcd.o(i.LCD_DrawLine_Color)
    LCD_DrawPoint                            0x08001e2d   Thumb Code    28  tftlcd.o(i.LCD_DrawPoint)
    LCD_DrawRectangle                        0x08001e4d   Thumb Code    60  tftlcd.o(i.LCD_DrawRectangle)
    LCD_Draw_Circle                          0x08001e89   Thumb Code   152  tftlcd.o(i.LCD_Draw_Circle)
    LCD_Fill                                 0x08001f21   Thumb Code    92  tftlcd.o(i.LCD_Fill)
    LCD_Pow                                  0x08001f7d   Thumb Code    22  tftlcd.o(i.LCD_Pow)
    LCD_Set_Window                           0x08001f93   Thumb Code   166  tftlcd.o(i.LCD_Set_Window)
    LCD_ShowChar                             0x08002039   Thumb Code   272  tftlcd.o(i.LCD_ShowChar)
    LCD_ShowNum                              0x08002161   Thumb Code   148  tftlcd.o(i.LCD_ShowNum)
    LCD_ShowString                           0x080021f5   Thumb Code   102  tftlcd.o(i.LCD_ShowString)
    LCD_WriteCmd                             0x0800225d   Thumb Code     6  tftlcd.o(i.LCD_WriteCmd)
    LCD_WriteData                            0x08002269   Thumb Code     6  tftlcd.o(i.LCD_WriteData)
    LCD_WriteData_Color                      0x08002275   Thumb Code     6  tftlcd.o(i.LCD_WriteData_Color)
    LED_Init                                 0x08002281   Thumb Code    82  led.o(i.LED_Init)
    MemManage_Handler                        0x080022d9   Thumb Code     4  stm32f4xx_it.o(i.MemManage_Handler)
    NMI_Handler                              0x080022dd   Thumb Code     2  stm32f4xx_it.o(i.NMI_Handler)
    NVIC_Init                                0x080022e1   Thumb Code   106  misc.o(i.NVIC_Init)
    NVIC_PriorityGroupConfig                 0x08002359   Thumb Code    10  misc.o(i.NVIC_PriorityGroupConfig)
    PendSV_Handler                           0x08002965   Thumb Code     2  stm32f4xx_it.o(i.PendSV_Handler)
    RCC_AHB1PeriphClockCmd                   0x08002969   Thumb Code    26  stm32f4xx_rcc.o(i.RCC_AHB1PeriphClockCmd)
    RCC_AHB3PeriphClockCmd                   0x08002989   Thumb Code    26  stm32f4xx_rcc.o(i.RCC_AHB3PeriphClockCmd)
    RCC_APB1PeriphClockCmd                   0x080029a9   Thumb Code    26  stm32f4xx_rcc.o(i.RCC_APB1PeriphClockCmd)
    RCC_APB2PeriphClockCmd                   0x080029c9   Thumb Code    26  stm32f4xx_rcc.o(i.RCC_APB2PeriphClockCmd)
    RCC_GetClocksFreq                        0x080029e9   Thumb Code   214  stm32f4xx_rcc.o(i.RCC_GetClocksFreq)
    SDA_IN                                   0x08002ad1   Thumb Code    30  iic.o(i.SDA_IN)
    SDA_OUT                                  0x08002af5   Thumb Code    42  iic.o(i.SDA_OUT)
    SPI_Cmd                                  0x08002b25   Thumb Code    24  stm32f4xx_spi.o(i.SPI_Cmd)
    SPI_I2S_GetFlagStatus                    0x08002b3d   Thumb Code    18  stm32f4xx_spi.o(i.SPI_I2S_GetFlagStatus)
    SPI_I2S_ReceiveData                      0x08002b4f   Thumb Code     6  stm32f4xx_spi.o(i.SPI_I2S_ReceiveData)
    SPI_I2S_SendData                         0x08002b55   Thumb Code     4  stm32f4xx_spi.o(i.SPI_I2S_SendData)
    SPI_Init                                 0x08002b59   Thumb Code    60  stm32f4xx_spi.o(i.SPI_Init)
    SVC_Handler                              0x08002c91   Thumb Code     2  stm32f4xx_it.o(i.SVC_Handler)
    SysTick_CLKSourceConfig                  0x080030bd   Thumb Code    40  misc.o(i.SysTick_CLKSourceConfig)
    SysTick_Handler                          0x080030e5   Thumb Code     2  stm32f4xx_it.o(i.SysTick_Handler)
    SysTick_Init                             0x080030e9   Thumb Code    52  systick.o(i.SysTick_Init)
    SystemInit                               0x08003125   Thumb Code    88  system_stm32f4xx.o(i.SystemInit)
    TFTLCD_FSMC_Init                         0x0800318d   Thumb Code   126  tftlcd.o(i.TFTLCD_FSMC_Init)
    TFTLCD_GPIO_Init                         0x0800320d   Thumb Code   416  tftlcd.o(i.TFTLCD_GPIO_Init)
    TFTLCD_Init                              0x080033c5   Thumb Code   678  tftlcd.o(i.TFTLCD_Init)
    TIM4_IRQHandler                          0x08003685   Thumb Code    66  time.o(i.TIM4_IRQHandler)
    TIM_ClearITPendingBit                    0x080036d5   Thumb Code     6  stm32f4xx_tim.o(i.TIM_ClearITPendingBit)
    TIM_GetITStatus                          0x080036db   Thumb Code    34  stm32f4xx_tim.o(i.TIM_GetITStatus)
    TP_Adj_Info_Show                         0x080036fd   Thumb Code   374  touch.o(i.TP_Adj_Info_Show)
    TP_Adjust                                0x080038a5   Thumb Code  2272  touch.o(i.TP_Adjust)
    TP_Drow_Touch_Point                      0x080041a5   Thumb Code   108  touch.o(i.TP_Drow_Touch_Point)
    TP_Get_Adjdata                           0x08004215   Thumb Code   164  touch.o(i.TP_Get_Adjdata)
    TP_Init                                  0x080042c9   Thumb Code   148  touch.o(i.TP_Init)
    TP_Read_AD                               0x0800436d   Thumb Code   132  touch.o(i.TP_Read_AD)
    TP_Read_XOY                              0x08004401   Thumb Code   122  touch.o(i.TP_Read_XOY)
    TP_Read_XY                               0x0800447d   Thumb Code    38  touch.o(i.TP_Read_XY)
    TP_Read_XY2                              0x080044ad   Thumb Code   192  touch.o(i.TP_Read_XY2)
    TP_Save_Adjdata                          0x0800456d   Thumb Code   118  touch.o(i.TP_Save_Adjdata)
    TP_Scan                                  0x080045ed   Thumb Code   236  touch.o(i.TP_Scan)
    TP_Write_Byte                            0x080046e1   Thumb Code    64  touch.o(i.TP_Write_Byte)
    USART1_IRQHandler                        0x08005af1   Thumb Code   122  usart.o(i.USART1_IRQHandler)
    USART1_Init                              0x08005b79   Thumb Code   172  usart.o(i.USART1_Init)
    USART_ClearFlag                          0x08005c2d   Thumb Code    18  stm32f4xx_usart.o(i.USART_ClearFlag)
    USART_Cmd                                0x08005c3f   Thumb Code    24  stm32f4xx_usart.o(i.USART_Cmd)
    USART_GetFlagStatus                      0x08005c57   Thumb Code    26  stm32f4xx_usart.o(i.USART_GetFlagStatus)
    USART_GetITStatus                        0x08005c71   Thumb Code    84  stm32f4xx_usart.o(i.USART_GetITStatus)
    USART_ITConfig                           0x08005cc5   Thumb Code    74  stm32f4xx_usart.o(i.USART_ITConfig)
    USART_Init                               0x08005d11   Thumb Code   204  stm32f4xx_usart.o(i.USART_Init)
    USART_ReceiveData                        0x08005de5   Thumb Code    10  stm32f4xx_usart.o(i.USART_ReceiveData)
    USART_SendData                           0x08005def   Thumb Code     8  stm32f4xx_usart.o(i.USART_SendData)
    UsageFault_Handler                       0x08005df7   Thumb Code     4  stm32f4xx_it.o(i.UsageFault_Handler)
    __0printf                                0x08005dfd   Thumb Code    22  printfa.o(i.__0printf)
    __1printf                                0x08005dfd   Thumb Code     0  printfa.o(i.__0printf)
    __2printf                                0x08005dfd   Thumb Code     0  printfa.o(i.__0printf)
    __c89printf                              0x08005dfd   Thumb Code     0  printfa.o(i.__0printf)
    printf                                   0x08005dfd   Thumb Code     0  printfa.o(i.__0printf)
    __ARM_fpclassifyf                        0x08005e1d   Thumb Code    38  fpclassifyf.o(i.__ARM_fpclassifyf)
    __hardfp_cosf                            0x08005e45   Thumb Code   280  cosf.o(i.__hardfp_cosf)
    __hardfp_erfcf                           0x08005f95   Thumb Code   638  erfcf.o(i.__hardfp_erfcf)
    __hardfp_powf                            0x080062b5   Thumb Code  1606  powf.o(i.__hardfp_powf)
    __mathlib_powf                           0x080062b5   Thumb Code     0  powf.o(i.__hardfp_powf)
    __hardfp_sinf                            0x08006919   Thumb Code   344  sinf.o(i.__hardfp_sinf)
    __hardfp_sqrt                            0x08006aa9   Thumb Code   122  sqrt.o(i.__hardfp_sqrt)
    __hardfp_sqrtf                           0x08006b23   Thumb Code    58  sqrtf.o(i.__hardfp_sqrtf)
    __mathlib_expf                           0x08006b5d   Thumb Code   426  expf_i.o(i.__mathlib_expf)
    __mathlib_flt_divzero                    0x08006d45   Thumb Code    14  funder.o(i.__mathlib_flt_divzero)
    __mathlib_flt_infnan                     0x08006d59   Thumb Code     6  funder.o(i.__mathlib_flt_infnan)
    __mathlib_flt_infnan2                    0x08006d5f   Thumb Code     6  funder.o(i.__mathlib_flt_infnan2)
    __mathlib_flt_invalid                    0x08006d65   Thumb Code    10  funder.o(i.__mathlib_flt_invalid)
    __mathlib_flt_overflow                   0x08006d75   Thumb Code    10  funder.o(i.__mathlib_flt_overflow)
    __mathlib_flt_underflow                  0x08006d85   Thumb Code    10  funder.o(i.__mathlib_flt_underflow)
    __mathlib_rredf2                         0x08006d95   Thumb Code   316  rredf.o(i.__mathlib_rredf2)
    __scatterload_copy                       0x08006ee9   Thumb Code    14  handlers.o(i.__scatterload_copy)
    __scatterload_null                       0x08006ef7   Thumb Code     2  handlers.o(i.__scatterload_null)
    __scatterload_zeroinit                   0x08006ef9   Thumb Code    14  handlers.o(i.__scatterload_zeroinit)
    __set_errno                              0x08006f09   Thumb Code     6  errno.o(i.__set_errno)
    delay_ms                                 0x0800779f   Thumb Code    56  systick.o(i.delay_ms)
    delay_nms                                0x080077d9   Thumb Code    72  systick.o(i.delay_nms)
    delay_us                                 0x08007825   Thumb Code    72  systick.o(i.delay_us)
    fputc                                    0x08007871   Thumb Code    32  usart.o(i.fputc)
    lv_tick_inc                              0x08007895   Thumb Code    18  lv_hal_tick.o(i.lv_tick_inc)
    main                                     0x080078b1   Thumb Code   278  main.o(i.main)
    ascii_1206                               0x08007b22   Data        1140  tftlcd.o(.constdata)
    ascii_1608                               0x08007f96   Data        1520  tftlcd.o(.constdata)
    ascii_2412                               0x08008586   Data        3420  tftlcd.o(.constdata)
    ascii_3216                               0x080092e2   Data       12160  tftlcd.o(.constdata)
    CnChar32x29                              0x0800c262   Data         472  tftlcd.o(.constdata)
    TP_REMIND_MSG_TBL                        0x0800c43c   Data           4  touch.o(.constdata)
    Region$$Table$$Base                      0x0800c6a4   Number         0  anon$$obj.o(Region$$Table)
    Region$$Table$$Limit                     0x0800c6c4   Number         0  anon$$obj.o(Region$$Table)
    USART1_RX_STA                            0x20000024   Data           2  usart.o(.data)
    FRONT_COLOR                              0x20000026   Data           2  tftlcd.o(.data)
    BACK_COLOR                               0x20000028   Data           2  tftlcd.o(.data)
    tftlcd_data                              0x2000002a   Data           8  tftlcd.o(.data)
    tp_dev                                   0x20000034   Data          72  touch.o(.data)
    CMD_RDX                                  0x2000007c   Data           1  touch.o(.data)
    CMD_RDY                                  0x2000007d   Data           1  touch.o(.data)
    __stdout                                 0x20000088   Data           4  stdout.o(.data)
    USART1_RX_BUF                            0x20001570   Data         200  usart.o(.bss)
    __initial_sp                             0x20001e38   Data           0  startup_stm32f40_41xxx.o(STACK)



==============================================================================

Memory Map of the image

  Image Entry point : 0x08000189

  Load Region LR_IROM1 (Base: 0x08000000, Size: 0x0000c754, Max: 0x00100000, ABSOLUTE)

    Execution Region ER_IROM1 (Exec base: 0x08000000, Load base: 0x08000000, Size: 0x0000c6c4, Max: 0x00100000, ABSOLUTE)

    Exec Addr    Load Addr    Size         Type   Attr      Idx    E Section Name        Object

    0x08000000   0x08000000   0x00000188   Data   RO          534    RESET               startup_stm32f40_41xxx.o
    0x08000188   0x08000188   0x00000000   Code   RO        15885  * .ARM.Collect$$$$00000000  mc_w.l(entry.o)
    0x08000188   0x08000188   0x00000004   Code   RO        16205    .ARM.Collect$$$$00000001  mc_w.l(entry2.o)
    0x0800018c   0x0800018c   0x00000004   Code   RO        16208    .ARM.Collect$$$$00000004  mc_w.l(entry5.o)
    0x08000190   0x08000190   0x00000000   Code   RO        16210    .ARM.Collect$$$$00000008  mc_w.l(entry7b.o)
    0x08000190   0x08000190   0x00000000   Code   RO        16212    .ARM.Collect$$$$0000000A  mc_w.l(entry8b.o)
    0x08000190   0x08000190   0x00000008   Code   RO        16213    .ARM.Collect$$$$0000000B  mc_w.l(entry9a.o)
    0x08000198   0x08000198   0x00000004   Code   RO        16220    .ARM.Collect$$$$0000000E  mc_w.l(entry12b.o)
    0x0800019c   0x0800019c   0x00000000   Code   RO        16215    .ARM.Collect$$$$0000000F  mc_w.l(entry10a.o)
    0x0800019c   0x0800019c   0x00000000   Code   RO        16217    .ARM.Collect$$$$00000011  mc_w.l(entry11a.o)
    0x0800019c   0x0800019c   0x00000004   Code   RO        16206    .ARM.Collect$$$$00002712  mc_w.l(entry2.o)
    0x080001a0   0x080001a0   0x00000024   Code   RO          535    .text               startup_stm32f40_41xxx.o
    0x080001c4   0x080001c4   0x000000e4   Code   RO        16164    .text               mf_w.l(dmul.o)
    0x080002a8   0x080002a8   0x0000001a   Code   RO        16166    .text               mf_w.l(dfltui.o)
    0x080002c2   0x080002c2   0x00000032   Code   RO        16168    .text               mf_w.l(dfixui.o)
    0x080002f4   0x080002f4   0x00000026   Code   RO        16170    .text               mf_w.l(f2d.o)
    0x0800031a   0x0800031a   0x00000002   PAD
    0x0800031c   0x0800031c   0x00000030   Code   RO        16172    .text               mf_w.l(cdcmple.o)
    0x0800034c   0x0800034c   0x00000030   Code   RO        16174    .text               mf_w.l(cdrcmple.o)
    0x0800037c   0x0800037c   0x0000002c   Code   RO        16222    .text               mc_w.l(uidiv.o)
    0x080003a8   0x080003a8   0x00000062   Code   RO        16224    .text               mc_w.l(uldiv.o)
    0x0800040a   0x0800040a   0x00000020   Code   RO        16226    .text               mc_w.l(llushr.o)
    0x0800042a   0x0800042a   0x00000000   Code   RO        16235    .text               mc_w.l(iusefp.o)
    0x0800042a   0x0800042a   0x000000ba   Code   RO        16236    .text               mf_w.l(depilogue.o)
    0x080004e4   0x080004e4   0x0000014e   Code   RO        16238    .text               mf_w.l(dadd.o)
    0x08000632   0x08000632   0x000000de   Code   RO        16240    .text               mf_w.l(ddiv.o)
    0x08000710   0x08000710   0x000000a2   Code   RO        16242    .text               mf_w.l(dsqrt.o)
    0x080007b2   0x080007b2   0x00000030   Code   RO        16244    .text               mf_w.l(dfixul.o)
    0x080007e2   0x080007e2   0x00000004   Code   RO        16246    .text               mf_w.l(fpstat.o)
    0x080007e6   0x080007e6   0x00000002   PAD
    0x080007e8   0x080007e8   0x00000024   Code   RO        16248    .text               mc_w.l(init.o)
    0x0800080c   0x0800080c   0x0000001e   Code   RO        16250    .text               mc_w.l(llshl.o)
    0x0800082a   0x0800082a   0x00000024   Code   RO        16252    .text               mc_w.l(llsshr.o)
    0x0800084e   0x0800084e   0x00000008   Code   RO         4344    i.AT24CXX_Init      24cxx.o
    0x08000856   0x08000856   0x0000002c   Code   RO         4346    i.AT24CXX_ReadLenByte  24cxx.o
    0x08000882   0x08000882   0x00000058   Code   RO         4347    i.AT24CXX_ReadOneByte  24cxx.o
    0x080008da   0x080008da   0x0000002a   Code   RO         4349    i.AT24CXX_WriteLenByte  24cxx.o
    0x08000904   0x08000904   0x00000050   Code   RO         4350    i.AT24CXX_WriteOneByte  24cxx.o
    0x08000954   0x08000954   0x00000004   Code   RO          364    i.BusFault_Handler  stm32f4xx_it.o
    0x08000958   0x08000958   0x00000130   Code   RO            4    i.Comm_With_FPGA    main.o
    0x08000a88   0x08000a88   0x00000002   Code   RO          365    i.DebugMon_Handler  stm32f4xx_it.o
    0x08000a8a   0x08000a8a   0x0000001c   Code   RO          461    i.Decision_16QAM    demod.o
    0x08000aa6   0x08000aa6   0x00000020   Code   RO          462    i.Decision_Axis_QAM16  demod.o
    0x08000ac6   0x08000ac6   0x0000000e   Code   RO          463    i.Decision_BPSK     demod.o
    0x08000ad4   0x08000ad4   0x0000001a   Code   RO          464    i.Decision_QPSK     demod.o
    0x08000aee   0x08000aee   0x00000018   Code   RO          465    i.Demod_GetBER_Q20  demod.o
    0x08000b06   0x08000b06   0x00000040   Code   RO          466    i.Demod_Init        demod.o
    0x08000b46   0x08000b46   0x00000002   PAD
    0x08000b48   0x08000b48   0x0000013c   Code   RO            5    i.Demod_OnBit       main.o
    0x08000c84   0x08000c84   0x0000011c   Code   RO          467    i.Demod_PushSample  demod.o
    0x08000da0   0x08000da0   0x0000000e   Code   RO          468    i.Demod_ResetBER    demod.o
    0x08000dae   0x08000dae   0x00000002   PAD
    0x08000db0   0x08000db0   0x00000030   Code   RO            6    i.FFT_ComputeSpectrum  main.o
    0x08000de0   0x08000de0   0x000002a4   Code   RO            7    i.FFT_Run           main.o
    0x08001084   0x08001084   0x000000c0   Code   RO          469    i.FIR_Filter_IQ     demod.o
    0x08001144   0x08001144   0x00000034   Code   RO         3248    i.FSMC_NORSRAMCmd   stm32f4xx_fsmc.o
    0x08001178   0x08001178   0x00000128   Code   RO         3250    i.FSMC_NORSRAMInit  stm32f4xx_fsmc.o
    0x080012a0   0x080012a0   0x00000090   Code   RO          543    i.GPIO_Init         stm32f4xx_gpio.o
    0x08001330   0x08001330   0x00000046   Code   RO          544    i.GPIO_PinAFConfig  stm32f4xx_gpio.o
    0x08001376   0x08001376   0x00000012   Code   RO          547    i.GPIO_ReadInputDataBit  stm32f4xx_gpio.o
    0x08001388   0x08001388   0x00000004   Code   RO          550    i.GPIO_ResetBits    stm32f4xx_gpio.o
    0x0800138c   0x0800138c   0x00000004   Code   RO          551    i.GPIO_SetBits      stm32f4xx_gpio.o
    0x08001390   0x08001390   0x00000004   Code   RO          366    i.HardFault_Handler  stm32f4xx_it.o
    0x08001394   0x08001394   0x00000038   Code   RO         4412    i.IIC_Ack           iic.o
    0x080013cc   0x080013cc   0x0000004c   Code   RO         4413    i.IIC_Init          iic.o
    0x08001418   0x08001418   0x00000038   Code   RO         4414    i.IIC_NAck          iic.o
    0x08001450   0x08001450   0x00000058   Code   RO         4415    i.IIC_Read_Byte     iic.o
    0x080014a8   0x080014a8   0x00000064   Code   RO         4416    i.IIC_Send_Byte     iic.o
    0x0800150c   0x0800150c   0x00000038   Code   RO         4417    i.IIC_Start         iic.o
    0x08001544   0x08001544   0x00000038   Code   RO         4418    i.IIC_Stop          iic.o
    0x0800157c   0x0800157c   0x0000004c   Code   RO         4419    i.IIC_Wait_Ack      iic.o
    0x080015c8   0x080015c8   0x000001cc   Code   RO            8    i.Info_DrawMeasurements  main.o
    0x08001794   0x08001794   0x0000011c   Code   RO            9    i.Info_DrawModButtons  main.o
    0x080018b0   0x080018b0   0x00000100   Code   RO           10    i.Info_DrawParams   main.o
    0x080019b0   0x080019b0   0x000001dc   Code   RO           11    i.Info_DrawSNRSlider  main.o
    0x08001b8c   0x08001b8c   0x0000003c   Code   RO           12    i.Key_Init          main.o
    0x08001bc8   0x08001bc8   0x0000005c   Code   RO           13    i.Key_Scan          main.o
    0x08001c24   0x08001c24   0x00000048   Code   RO         3977    i.LCD_Clear         tftlcd.o
    0x08001c6c   0x08001c6c   0x00000048   Code   RO         3979    i.LCD_Display_Dir   tftlcd.o
    0x08001cb4   0x08001cb4   0x0000001c   Code   RO         3980    i.LCD_DrawFRONT_COLOR  tftlcd.o
    0x08001cd0   0x08001cd0   0x000000b0   Code   RO         3981    i.LCD_DrawLine      tftlcd.o
    0x08001d80   0x08001d80   0x000000ac   Code   RO         3982    i.LCD_DrawLine_Color  tftlcd.o
    0x08001e2c   0x08001e2c   0x00000020   Code   RO         3983    i.LCD_DrawPoint     tftlcd.o
    0x08001e4c   0x08001e4c   0x0000003c   Code   RO         3984    i.LCD_DrawRectangle  tftlcd.o
    0x08001e88   0x08001e88   0x00000098   Code   RO         3985    i.LCD_Draw_Circle   tftlcd.o
    0x08001f20   0x08001f20   0x0000005c   Code   RO         3987    i.LCD_Fill          tftlcd.o
    0x08001f7c   0x08001f7c   0x00000016   Code   RO         3988    i.LCD_Pow           tftlcd.o
    0x08001f92   0x08001f92   0x000000a6   Code   RO         3993    i.LCD_Set_Window    tftlcd.o
    0x08002038   0x08002038   0x00000128   Code   RO         3994    i.LCD_ShowChar      tftlcd.o
    0x08002160   0x08002160   0x00000094   Code   RO         3996    i.LCD_ShowNum       tftlcd.o
    0x080021f4   0x080021f4   0x00000066   Code   RO         3998    i.LCD_ShowString    tftlcd.o
    0x0800225a   0x0800225a   0x00000002   PAD
    0x0800225c   0x0800225c   0x0000000c   Code   RO         4000    i.LCD_WriteCmd      tftlcd.o
    0x08002268   0x08002268   0x0000000c   Code   RO         4002    i.LCD_WriteData     tftlcd.o
    0x08002274   0x08002274   0x0000000c   Code   RO         4003    i.LCD_WriteData_Color  tftlcd.o
    0x08002280   0x08002280   0x00000058   Code   RO         3950    i.LED_Init          led.o
    0x080022d8   0x080022d8   0x00000004   Code   RO          367    i.MemManage_Handler  stm32f4xx_it.o
    0x080022dc   0x080022dc   0x00000002   Code   RO          368    i.NMI_Handler       stm32f4xx_it.o
    0x080022de   0x080022de   0x00000002   PAD
    0x080022e0   0x080022e0   0x00000078   Code   RO         1042    i.NVIC_Init         misc.o
    0x08002358   0x08002358   0x00000014   Code   RO         1043    i.NVIC_PriorityGroupConfig  misc.o
    0x0800236c   0x0800236c   0x0000001e   Code   RO          470    i.PN7_Next          demod.o
    0x0800238a   0x0800238a   0x00000002   PAD
    0x0800238c   0x0800238c   0x00000048   Code   RO           14    i.Page_DrawBER      main.o
    0x080023d4   0x080023d4   0x0000004c   Code   RO           15    i.Page_DrawEye      main.o
    0x08002420   0x08002420   0x00000230   Code   RO           16    i.Page_DrawIQ       main.o
    0x08002650   0x08002650   0x00000058   Code   RO           17    i.Page_DrawInfo     main.o
    0x080026a8   0x080026a8   0x000000b0   Code   RO           18    i.Page_DrawSpectrum  main.o
    0x08002758   0x08002758   0x000000d4   Code   RO           19    i.Page_DrawWaveform  main.o
    0x0800282c   0x0800282c   0x000000ec   Code   RO           20    i.Page_HandleKey    main.o
    0x08002918   0x08002918   0x0000004c   Code   RO           21    i.Page_Update       main.o
    0x08002964   0x08002964   0x00000002   Code   RO          369    i.PendSV_Handler    stm32f4xx_it.o
    0x08002966   0x08002966   0x00000002   PAD
    0x08002968   0x08002968   0x00000020   Code   RO          644    i.RCC_AHB1PeriphClockCmd  stm32f4xx_rcc.o
    0x08002988   0x08002988   0x00000020   Code   RO          650    i.RCC_AHB3PeriphClockCmd  stm32f4xx_rcc.o
    0x080029a8   0x080029a8   0x00000020   Code   RO          653    i.RCC_APB1PeriphClockCmd  stm32f4xx_rcc.o
    0x080029c8   0x080029c8   0x00000020   Code   RO          656    i.RCC_APB2PeriphClockCmd  stm32f4xx_rcc.o
    0x080029e8   0x080029e8   0x000000e8   Code   RO          665    i.RCC_GetClocksFreq  stm32f4xx_rcc.o
    0x08002ad0   0x08002ad0   0x00000024   Code   RO         4420    i.SDA_IN            iic.o
    0x08002af4   0x08002af4   0x00000030   Code   RO         4421    i.SDA_OUT           iic.o
    0x08002b24   0x08002b24   0x00000018   Code   RO         3378    i.SPI_Cmd           stm32f4xx_spi.o
    0x08002b3c   0x08002b3c   0x00000012   Code   RO         3386    i.SPI_I2S_GetFlagStatus  stm32f4xx_spi.o
    0x08002b4e   0x08002b4e   0x00000006   Code   RO         3389    i.SPI_I2S_ReceiveData  stm32f4xx_spi.o
    0x08002b54   0x08002b54   0x00000004   Code   RO         3390    i.SPI_I2S_SendData  stm32f4xx_spi.o
    0x08002b58   0x08002b58   0x0000003c   Code   RO         3391    i.SPI_Init          stm32f4xx_spi.o
    0x08002b94   0x08002b94   0x000000c4   Code   RO           22    i.SPI_Init_User     main.o
    0x08002c58   0x08002c58   0x00000038   Code   RO           24    i.SPI_SendByte      main.o
    0x08002c90   0x08002c90   0x00000002   Code   RO          370    i.SVC_Handler       stm32f4xx_it.o
    0x08002c92   0x08002c92   0x00000002   PAD
    0x08002c94   0x08002c94   0x000000ec   Code   RO         3798    i.SetSysClock       system_stm32f4xx.o
    0x08002d80   0x08002d80   0x0000033c   Code   RO           26    i.SysState_Demo_Fill  main.o
    0x080030bc   0x080030bc   0x00000028   Code   RO         1046    i.SysTick_CLKSourceConfig  misc.o
    0x080030e4   0x080030e4   0x00000002   Code   RO          371    i.SysTick_Handler   stm32f4xx_it.o
    0x080030e6   0x080030e6   0x00000002   PAD
    0x080030e8   0x080030e8   0x0000003c   Code   RO         3860    i.SysTick_Init      systick.o
    0x08003124   0x08003124   0x00000068   Code   RO         3800    i.SystemInit        system_stm32f4xx.o
    0x0800318c   0x0800318c   0x0000007e   Code   RO         4004    i.TFTLCD_FSMC_Init  tftlcd.o
    0x0800320a   0x0800320a   0x00000002   PAD
    0x0800320c   0x0800320c   0x000001b8   Code   RO         4005    i.TFTLCD_GPIO_Init  tftlcd.o
    0x080033c4   0x080033c4   0x000002c0   Code   RO         4006    i.TFTLCD_Init       tftlcd.o
    0x08003684   0x08003684   0x00000050   Code   RO         4639    i.TIM4_IRQHandler   time.o
    0x080036d4   0x080036d4   0x00000006   Code   RO         1167    i.TIM_ClearITPendingBit  stm32f4xx_tim.o
    0x080036da   0x080036da   0x00000022   Code   RO         1193    i.TIM_GetITStatus   stm32f4xx_tim.o
    0x080036fc   0x080036fc   0x000001a8   Code   RO         4226    i.TP_Adj_Info_Show  touch.o
    0x080038a4   0x080038a4   0x00000900   Code   RO         4227    i.TP_Adjust         touch.o
    0x080041a4   0x080041a4   0x00000070   Code   RO         4229    i.TP_Drow_Touch_Point  touch.o
    0x08004214   0x08004214   0x000000b4   Code   RO         4230    i.TP_Get_Adjdata    touch.o
    0x080042c8   0x080042c8   0x000000a4   Code   RO         4231    i.TP_Init           touch.o
    0x0800436c   0x0800436c   0x00000094   Code   RO         4232    i.TP_Read_AD        touch.o
    0x08004400   0x08004400   0x0000007a   Code   RO         4233    i.TP_Read_XOY       touch.o
    0x0800447a   0x0800447a   0x00000002   PAD
    0x0800447c   0x0800447c   0x00000030   Code   RO         4234    i.TP_Read_XY        touch.o
    0x080044ac   0x080044ac   0x000000c0   Code   RO         4235    i.TP_Read_XY2       touch.o
    0x0800456c   0x0800456c   0x00000080   Code   RO         4236    i.TP_Save_Adjdata   touch.o
    0x080045ec   0x080045ec   0x000000f4   Code   RO         4237    i.TP_Scan           touch.o
    0x080046e0   0x080046e0   0x0000004c   Code   RO         4238    i.TP_Write_Byte     touch.o
    0x0800472c   0x0800472c   0x000001a8   Code   RO           27    i.Touch_HandleInfo  main.o
    0x080048d4   0x080048d4   0x000001a4   Code   RO           28    i.Touch_HandleNav   main.o
    0x08004a78   0x08004a78   0x00000030   Code   RO           29    i.Touch_InRect      main.o
    0x08004aa8   0x08004aa8   0x00000028   Code   RO           30    i.Touch_Process     main.o
    0x08004ad0   0x08004ad0   0x000000b8   Code   RO           31    i.Touch_Update      main.o
    0x08004b88   0x08004b88   0x00000462   Code   RO           32    i.UI_DrawBERCurve   main.o
    0x08004fea   0x08004fea   0x00000002   PAD
    0x08004fec   0x08004fec   0x00000214   Code   RO           33    i.UI_DrawEyeDiagram  main.o
    0x08005200   0x08005200   0x000001c4   Code   RO           34    i.UI_DrawIQPlot     main.o
    0x080053c4   0x080053c4   0x000000ac   Code   RO           35    i.UI_DrawNavBar     main.o
    0x08005470   0x08005470   0x0000003e   Code   RO           36    i.UI_DrawNavHighlight  main.o
    0x080054ae   0x080054ae   0x00000002   PAD
    0x080054b0   0x080054b0   0x00000270   Code   RO           37    i.UI_DrawSpectrum   main.o
    0x08005720   0x08005720   0x000001c0   Code   RO           38    i.UI_DrawStatusBar  main.o
    0x080058e0   0x080058e0   0x00000090   Code   RO           39    i.UI_DrawTitleBar   main.o
    0x08005970   0x08005970   0x00000180   Code   RO           40    i.UI_DrawWaveform   main.o
    0x08005af0   0x08005af0   0x00000088   Code   RO         3907    i.USART1_IRQHandler  usart.o
    0x08005b78   0x08005b78   0x000000b4   Code   RO         3908    i.USART1_Init       usart.o
    0x08005c2c   0x08005c2c   0x00000012   Code   RO         1722    i.USART_ClearFlag   stm32f4xx_usart.o
    0x08005c3e   0x08005c3e   0x00000018   Code   RO         1726    i.USART_Cmd         stm32f4xx_usart.o
    0x08005c56   0x08005c56   0x0000001a   Code   RO         1729    i.USART_GetFlagStatus  stm32f4xx_usart.o
    0x08005c70   0x08005c70   0x00000054   Code   RO         1730    i.USART_GetITStatus  stm32f4xx_usart.o
    0x08005cc4   0x08005cc4   0x0000004a   Code   RO         1732    i.USART_ITConfig    stm32f4xx_usart.o
    0x08005d0e   0x08005d0e   0x00000002   PAD
    0x08005d10   0x08005d10   0x000000d4   Code   RO         1733    i.USART_Init        stm32f4xx_usart.o
    0x08005de4   0x08005de4   0x0000000a   Code   RO         1740    i.USART_ReceiveData  stm32f4xx_usart.o
    0x08005dee   0x08005dee   0x00000008   Code   RO         1743    i.USART_SendData    stm32f4xx_usart.o
    0x08005df6   0x08005df6   0x00000004   Code   RO          372    i.UsageFault_Handler  stm32f4xx_it.o
    0x08005dfa   0x08005dfa   0x00000002   PAD
    0x08005dfc   0x08005dfc   0x00000020   Code   RO        16136    i.__0printf         mc_w.l(printfa.o)
    0x08005e1c   0x08005e1c   0x00000026   Code   RO        16186    i.__ARM_fpclassifyf  m_wm.l(fpclassifyf.o)
    0x08005e42   0x08005e42   0x00000002   PAD
    0x08005e44   0x08005e44   0x00000150   Code   RO        15811    i.__hardfp_cosf     m_wm.l(cosf.o)
    0x08005f94   0x08005f94   0x00000320   Code   RO        15823    i.__hardfp_erfcf    m_wm.l(erfcf.o)
    0x080062b4   0x080062b4   0x00000664   Code   RO        15835    i.__hardfp_powf     m_wm.l(powf.o)
    0x08006918   0x08006918   0x00000190   Code   RO        15849    i.__hardfp_sinf     m_wm.l(sinf.o)
    0x08006aa8   0x08006aa8   0x0000007a   Code   RO        15861    i.__hardfp_sqrt     m_wm.l(sqrt.o)
    0x08006b22   0x08006b22   0x0000003a   Code   RO        15873    i.__hardfp_sqrtf    m_wm.l(sqrtf.o)
    0x08006b5c   0x08006b5c   0x000001e8   Code   RO        16176    i.__mathlib_expf    m_wm.l(expf_i.o)
    0x08006d44   0x08006d44   0x00000014   Code   RO        16188    i.__mathlib_flt_divzero  m_wm.l(funder.o)
    0x08006d58   0x08006d58   0x00000006   Code   RO        16189    i.__mathlib_flt_infnan  m_wm.l(funder.o)
    0x08006d5e   0x08006d5e   0x00000006   Code   RO        16190    i.__mathlib_flt_infnan2  m_wm.l(funder.o)
    0x08006d64   0x08006d64   0x00000010   Code   RO        16191    i.__mathlib_flt_invalid  m_wm.l(funder.o)
    0x08006d74   0x08006d74   0x00000010   Code   RO        16192    i.__mathlib_flt_overflow  m_wm.l(funder.o)
    0x08006d84   0x08006d84   0x00000010   Code   RO        16194    i.__mathlib_flt_underflow  m_wm.l(funder.o)
    0x08006d94   0x08006d94   0x00000154   Code   RO        16202    i.__mathlib_rredf2  m_wm.l(rredf.o)
    0x08006ee8   0x08006ee8   0x0000000e   Code   RO        16256    i.__scatterload_copy  mc_w.l(handlers.o)
    0x08006ef6   0x08006ef6   0x00000002   Code   RO        16257    i.__scatterload_null  mc_w.l(handlers.o)
    0x08006ef8   0x08006ef8   0x0000000e   Code   RO        16258    i.__scatterload_zeroinit  mc_w.l(handlers.o)
    0x08006f06   0x08006f06   0x00000002   PAD
    0x08006f08   0x08006f08   0x0000000c   Code   RO        16230    i.__set_errno       mc_w.l(errno.o)
    0x08006f14   0x08006f14   0x00000184   Code   RO        16143    i._fp_digits        mc_w.l(printfa.o)
    0x08007098   0x08007098   0x000006b4   Code   RO        16144    i._printf_core      mc_w.l(printfa.o)
    0x0800774c   0x0800774c   0x00000024   Code   RO        16145    i._printf_post_padding  mc_w.l(printfa.o)
    0x08007770   0x08007770   0x0000002e   Code   RO        16146    i._printf_pre_padding  mc_w.l(printfa.o)
    0x0800779e   0x0800779e   0x00000038   Code   RO         3861    i.delay_ms          systick.o
    0x080077d6   0x080077d6   0x00000002   PAD
    0x080077d8   0x080077d8   0x0000004c   Code   RO         3862    i.delay_nms         systick.o
    0x08007824   0x08007824   0x0000004c   Code   RO         3863    i.delay_us          systick.o
    0x08007870   0x08007870   0x00000024   Code   RO         3909    i.fputc             usart.o
    0x08007894   0x08007894   0x0000001c   Code   RO         7908    i.lv_tick_inc       lv_hal_tick.o
    0x080078b0   0x080078b0   0x0000019c   Code   RO           41    i.main              main.o
    0x08007a4c   0x08007a4c   0x00000078   Data   RO           43    .constdata          main.o
    0x08007ac4   0x08007ac4   0x0000005e   Data   RO          471    .constdata          demod.o
    0x08007b22   0x08007b22   0x00004918   Data   RO         4007    .constdata          tftlcd.o
    0x0800c43a   0x0800c43a   0x00000002   PAD
    0x0800c43c   0x0800c43c   0x00000004   Data   RO         4239    .constdata          touch.o
    0x0800c440   0x0800c440   0x00000140   Data   RO        15838    .constdata          m_wm.l(powf.o)
    0x0800c580   0x0800c580   0x00000030   Data   RO        16177    .constdata          m_wm.l(expf_i.o)
    0x0800c5b0   0x0800c5b0   0x00000020   Data   RO        16203    .constdata          m_wm.l(rredf.o)
    0x0800c5d0   0x0800c5d0   0x00000056   Data   RO           44    .conststring        main.o
    0x0800c626   0x0800c626   0x00000002   PAD
    0x0800c628   0x0800c628   0x00000079   Data   RO         4240    .conststring        touch.o
    0x0800c6a1   0x0800c6a1   0x00000003   PAD
    0x0800c6a4   0x0800c6a4   0x00000020   Data   RO        16254    Region$$Table       anon$$obj.o


    Execution Region RW_IRAM1 (Exec base: 0x20000000, Load base: 0x0800c6c4, Size: 0x00001e38, Max: 0x00020000, ABSOLUTE)

    Exec Addr    Load Addr    Size         Type   Attr      Idx    E Section Name        Object

    0x20000000   0x0800c6c4   0x0000000f   Data   RW           45    .data               main.o
    0x2000000f   0x0800c6d3   0x00000010   Data   RW          697    .data               stm32f4xx_rcc.o
    0x2000001f   0x0800c6e3   0x00000001   PAD
    0x20000020   0x0800c6e4   0x00000004   Data   RW         3864    .data               systick.o
    0x20000024   0x0800c6e8   0x00000002   Data   RW         3911    .data               usart.o
    0x20000026   0x0800c6ea   0x0000000c   Data   RW         4008    .data               tftlcd.o
    0x20000032   0x0800c6f6   0x00000002   PAD
    0x20000034   0x0800c6f8   0x0000004a   Data   RW         4241    .data               touch.o
    0x2000007e   0x0800c742   0x00000001   Data   RW         4641    .data               time.o
    0x2000007f   0x0800c743   0x00000001   PAD
    0x20000080   0x0800c744   0x00000005   Data   RW         7909    .data               lv_hal_tick.o
    0x20000085   0x0800c749   0x00000003   PAD
    0x20000088   0x0800c74c   0x00000004   Data   RW        16221    .data               mc_w.l(stdout.o)
    0x2000008c   0x0800c750   0x00000004   Data   RW        16231    .data               mc_w.l(errno.o)
    0x20000090        -       0x000014e0   Zero   RW           42    .bss                main.o
    0x20001570        -       0x000000c8   Zero   RW         3910    .bss                usart.o
    0x20001638        -       0x00000800   Zero   RW          532    STACK               startup_stm32f40_41xxx.o


==============================================================================

Image component sizes


      Code (inc. data)   RO Data    RW Data    ZI Data      Debug   Object Name

       262          0          0          0          0       3237   24cxx.o
       708         16         94          0          0       7040   demod.o
       648         88          0          0          0       5581   iic.o
        88          6          0          0          0        551   led.o
        28         10          0          5          0       1218   lv_hal_tick.o
     11016       1406        206         15       5344     339585   main.o
       180         24          0          0          0       2417   misc.o
        36          8        392          0       2048        864   startup_stm32f40_41xxx.o
       348         12          0          0          0       2265   stm32f4xx_fsmc.o
       240          0          0          0          0       4011   stm32f4xx_gpio.o
        26          0          0          0          0       4346   stm32f4xx_it.o
       360         42          0         16          0       5760   stm32f4xx_rcc.o
       112          0          0          0          0       3990   stm32f4xx_spi.o
        40          0          0          0          0       2094   stm32f4xx_tim.o
       456          8          0          0          0       6767   stm32f4xx_usart.o
       340         32          0          0          0       1645   system_stm32f4xx.o
       268         16          0          4          0       2565   systick.o
      2896        106      18712         12          0      17400   tftlcd.o
        80         14          0          1          0        546   time.o
      4142        260        125         74          0      10825   touch.o
       352         26          0          2        200       2548   usart.o

    ----------------------------------------------------------------------
     22656       2074      19568        136       7592     425255   Object Totals
         0          0         32          0          0          0   (incl. Generated)
        30          0          7          7          0          0   (incl. Padding)

    ----------------------------------------------------------------------

      Code (inc. data)   RO Data    RW Data    ZI Data      Debug   Library Member Name

       336         56          0          0          0        136   cosf.o
       800        162          0          0          0        292   erfcf.o
       488         62         48          0          0        236   expf_i.o
        38          0          0          0          0        116   fpclassifyf.o
        80         24          0          0          0        696   funder.o
      1636        110        320          0          0        372   powf.o
       340         24         32          0          0        160   rredf.o
       400         56          0          0          0        212   sinf.o
       122          0          0          0          0        148   sqrt.o
        58          0          0          0          0        136   sqrtf.o
         0          0          0          0          0          0   entry.o
         0          0          0          0          0          0   entry10a.o
         0          0          0          0          0          0   entry11a.o
         4          0          0          0          0          0   entry12b.o
         8          4          0          0          0          0   entry2.o
         4          0          0          0          0          0   entry5.o
         0          0          0          0          0          0   entry7b.o
         0          0          0          0          0          0   entry8b.o
         8          4          0          0          0          0   entry9a.o
        12          6          0          4          0         68   errno.o
        30          0          0          0          0          0   handlers.o
        36          8          0          0          0         68   init.o
         0          0          0          0          0          0   iusefp.o
        30          0          0          0          0         68   llshl.o
        36          0          0          0          0         68   llsshr.o
        32          0          0          0          0         68   llushr.o
      2218         90          0          0          0        464   printfa.o
         0          0          0          4          0          0   stdout.o
        44          0          0          0          0         80   uidiv.o
        98          0          0          0          0         92   uldiv.o
        48          0          0          0          0         68   cdcmple.o
        48          0          0          0          0         68   cdrcmple.o
       334          0          0          0          0        148   dadd.o
       222          0          0          0          0        100   ddiv.o
       186          0          0          0          0        176   depilogue.o
        50          0          0          0          0         76   dfixui.o
        48          0          0          0          0         68   dfixul.o
        26          0          0          0          0         76   dfltui.o
       228          0          0          0          0         96   dmul.o
       162          0          0          0          0        100   dsqrt.o
        38          0          0          0          0         68   f2d.o
         4          0          0          0          0         68   fpstat.o

    ----------------------------------------------------------------------
      8260        606        400          8          0       4592   Library Totals
         8          0          0          0          0          0   (incl. Padding)

    ----------------------------------------------------------------------

      Code (inc. data)   RO Data    RW Data    ZI Data      Debug   Library Name

      4298        494        400          0          0       2504   m_wm.l
      2560        112          0          8          0        976   mc_w.l
      1394          0          0          0          0       1112   mf_w.l

    ----------------------------------------------------------------------
      8260        606        400          8          0       4592   Library Totals

    ----------------------------------------------------------------------

==============================================================================


      Code (inc. data)   RO Data    RW Data    ZI Data      Debug   

     30916       2680      19968        144       7592     413611   Grand Totals
     30916       2680      19968        144       7592     413611   ELF Image Totals
     30916       2680      19968        144          0          0   ROM Totals

==============================================================================

    Total RO  Size (Code + RO Data)                50884 (  49.69kB)
    Total RW  Size (RW Data + ZI Data)              7736 (   7.55kB)
    Total ROM Size (Code + RO Data + RW Data)      51028 (  49.83kB)

==============================================================================

